🔍 OpenTelemetry Tracing initialized
[32m[Nest] 27892  - [39m04/24/2026, 3:32:02 AM [32m    LOG[39m [38;5;3m[NestFactory] [39m[32mStarting Nest application...[39m
[32m[Nest] 27892  - [39m04/24/2026, 3:32:02 AM [32m    LOG[39m [38;5;3m[InstanceLoader] [39m[32mMailModule dependencies initialized[39m[38;5;3m +69ms[39m
[32m[Nest] 27892  - [39m04/24/2026, 3:32:02 AM [32m    LOG[39m [38;5;3m[InstanceLoader] [39m[32mPassportModule dependencies initialized[39m[38;5;3m +1ms[39m
[32m[Nest] 27892  - [39m04/24/2026, 3:32:02 AM [32m    LOG[39m [38;5;3m[InstanceLoader] [39m[32mEventEmitterModule dependencies initialized[39m[38;5;3m +0ms[39m
[32m[Nest] 27892  - [39m04/24/2026, 3:32:02 AM [32m    LOG[39m [38;5;3m[InstanceLoader] [39m[32mConfigHostModule dependencies initialized[39m[38;5;3m +2ms[39m
[32m[Nest] 27892  - [39m04/24/2026, 3:32:02 AM [32m    LOG[39m [38;5;3m[InstanceLoader] [39m[32mThrottlerModule dependencies initialized[39m[38;5;3m +0ms[39m
[32m[Nest] 27892  - [39m04/24/2026, 3:32:02 AM [32m    LOG[39m [38;5;3m[InstanceLoader] [39m[32mDiscoveryModule dependencies initialized[39m[38;5;3m +1ms[39m
[32m[Nest] 27892  - [39m04/24/2026, 3:32:02 AM [32m    LOG[39m [38;5;3m[AiProxyService] [39m[32mAI proxy configured -> http://127.0.0.1:8010[39m
[32m[Nest] 27892  - [39m04/24/2026, 3:32:02 AM [32m    LOG[39m [38;5;3m[InstanceLoader] [39m[32mMetricsModule dependencies initialized[39m[38;5;3m +1ms[39m
[32m[Nest] 27892  - [39m04/24/2026, 3:32:02 AM [32m    LOG[39m [38;5;3m[InstanceLoader] [39m[32mConfigModule dependencies initialized[39m[38;5;3m +1ms[39m
[32m[Nest] 27892  - [39m04/24/2026, 3:32:02 AM [32m    LOG[39m [38;5;3m[InstanceLoader] [39m[32mConfigModule dependencies initialized[39m[38;5;3m +0ms[39m
[32m[Nest] 27892  - [39m04/24/2026, 3:32:02 AM [32m    LOG[39m [38;5;3m[InstanceLoader] [39m[32mScheduleModule dependencies initialized[39m[38;5;3m +1ms[39m
[32m[Nest] 27892  - [39m04/24/2026, 3:32:02 AM [32m    LOG[39m [38;5;3m[InstanceLoader] [39m[32mEventEmitterModule dependencies initialized[39m[38;5;3m +0ms[39m
[32m[Nest] 27892  - [39m04/24/2026, 3:32:02 AM [32m    LOG[39m [38;5;3m[InstanceLoader] [39m[32mBullModule dependencies initialized[39m[38;5;3m +1ms[39m
[32m[Nest] 27892  - [39m04/24/2026, 3:32:02 AM [32m    LOG[39m [38;5;3m[InstanceLoader] [39m[32mDatabaseModule dependencies initialized[39m[38;5;3m +1ms[39m
[32m[Nest] 27892  - [39m04/24/2026, 3:32:02 AM [32m    LOG[39m [38;5;3m[InstanceLoader] [39m[32mBullModule dependencies initialized[39m[38;5;3m +2ms[39m
[32m[Nest] 27892  - [39m04/24/2026, 3:32:02 AM [32m    LOG[39m [38;5;3m[InstanceLoader] [39m[32mAuditModule dependencies initialized[39m[38;5;3m +2ms[39m
[32m[Nest] 27892  - [39m04/24/2026, 3:32:02 AM [32m    LOG[39m [38;5;3m[InstanceLoader] [39m[32mRolesModule dependencies initialized[39m[38;5;3m +0ms[39m
[32m[Nest] 27892  - [39m04/24/2026, 3:32:02 AM [32m    LOG[39m [38;5;3m[InstanceLoader] [39m[32mJwtModule dependencies initialized[39m[38;5;3m +0ms[39m
[32m[Nest] 27892  - [39m04/24/2026, 3:32:02 AM [32m    LOG[39m [38;5;3m[InstanceLoader] [39m[32mJwtModule dependencies initialized[39m[38;5;3m +1ms[39m
[32m[Nest] 27892  - [39m04/24/2026, 3:32:02 AM [32m    LOG[39m [38;5;3m[InstanceLoader] [39m[32mOtpModule dependencies initialized[39m[38;5;3m +19ms[39m
[32m[Nest] 27892  - [39m04/24/2026, 3:32:02 AM [32m    LOG[39m [38;5;3m[InstanceLoader] [39m[32mHealthModule dependencies initialized[39m[38;5;3m +1ms[39m
[32m[Nest] 27892  - [39m04/24/2026, 3:32:02 AM [32m    LOG[39m [38;5;3m[InstanceLoader] [39m[32mBullModule dependencies initialized[39m[38;5;3m +0ms[39m
[32m[Nest] 27892  - [39m04/24/2026, 3:32:02 AM [32m    LOG[39m [38;5;3m[InstanceLoader] [39m[32mBullModule dependencies initialized[39m[38;5;3m +1ms[39m
[32m[Nest] 27892  - [39m04/24/2026, 3:32:02 AM [32m    LOG[39m [38;5;3m[InstanceLoader] [39m[32mBullModule dependencies initialized[39m[38;5;3m +1ms[39m
[32m[Nest] 27892  - [39m04/24/2026, 3:32:02 AM [32m    LOG[39m [38;5;3m[InstanceLoader] [39m[32mBullModule dependencies initialized[39m[38;5;3m +0ms[39m
[32m[Nest] 27892  - [39m04/24/2026, 3:32:02 AM [32m    LOG[39m [38;5;3m[InstanceLoader] [39m[32mBullModule dependencies initialized[39m[38;5;3m +1ms[39m
[32m[Nest] 27892  - [39m04/24/2026, 3:32:02 AM [32m    LOG[39m [38;5;3m[InstanceLoader] [39m[32mBullModule dependencies initialized[39m[38;5;3m +1ms[39m
[32m[Nest] 27892  - [39m04/24/2026, 3:32:02 AM [32m    LOG[39m [38;5;3m[InstanceLoader] [39m[32mRagModule dependencies initialized[39m[38;5;3m +2ms[39m
[32m[Nest] 27892  - [39m04/24/2026, 3:32:02 AM [32m    LOG[39m [38;5;3m[InstanceLoader] [39m[32mRosterImportModule dependencies initialized[39m[38;5;3m +5ms[39m
[32m[Nest] 27892  - [39m04/24/2026, 3:32:02 AM [32m    LOG[39m [38;5;3m[InstanceLoader] [39m[32mAppModule dependencies initialized[39m[38;5;3m +1ms[39m
[32m[Nest] 27892  - [39m04/24/2026, 3:32:02 AM [32m    LOG[39m [38;5;3m[InstanceLoader] [39m[32mSectionsModule dependencies initialized[39m[38;5;3m +2ms[39m
[32m[Nest] 27892  - [39m04/24/2026, 3:32:02 AM [32m    LOG[39m [38;5;3m[InstanceLoader] [39m[32mAnalyticsModule dependencies initialized[39m[38;5;3m +1ms[39m
[32m[Nest] 27892  - [39m04/24/2026, 3:32:02 AM [32m    LOG[39m [38;5;3m[InstanceLoader] [39m[32mClassRecordModule dependencies initialized[39m[38;5;3m +9ms[39m
[32m[Nest] 27892  - [39m04/24/2026, 3:32:02 AM [32m    LOG[39m [38;5;3m[InstanceLoader] [39m[32mPerformanceModule dependencies initialized[39m[38;5;3m +1ms[39m
[32m[Nest] 27892  - [39m04/24/2026, 3:32:02 AM [32m    LOG[39m [38;5;3m[InstanceLoader] [39m[32mLxpModule dependencies initialized[39m[38;5;3m +0ms[39m
[32m[Nest] 27892  - [39m04/24/2026, 3:32:02 AM [32m    LOG[39m [38;5;3m[InstanceLoader] [39m[32mAcademicStateModule dependencies initialized[39m[38;5;3m +1ms[39m
[32m[Nest] 27892  - [39m04/24/2026, 3:32:02 AM [32m    LOG[39m [38;5;3m[InstanceLoader] [39m[32mProfilesModule dependencies initialized[39m[38;5;3m +1ms[39m
[32m[Nest] 27892  - [39m04/24/2026, 3:32:02 AM [32m    LOG[39m [38;5;3m[InstanceLoader] [39m[32mTeacherProfilesModule dependencies initialized[39m[38;5;3m +0ms[39m
[32m[Nest] 27892  - [39m04/24/2026, 3:32:02 AM [32m    LOG[39m [38;5;3m[InstanceLoader] [39m[32mContentModulesModule dependencies initialized[39m[38;5;3m +0ms[39m
[32m[Nest] 27892  - [39m04/24/2026, 3:32:02 AM [32m    LOG[39m [38;5;3m[InstanceLoader] [39m[32mClassTemplatesModule dependencies initialized[39m[38;5;3m +0ms[39m
[32m[Nest] 27892  - [39m04/24/2026, 3:32:02 AM [32m    LOG[39m [38;5;3m[InstanceLoader] [39m[32mSchoolEventsModule dependencies initialized[39m[38;5;3m +0ms[39m
[32m[Nest] 27892  - [39m04/24/2026, 3:32:02 AM [32m    LOG[39m [38;5;3m[InstanceLoader] [39m[32mReportsModule dependencies initialized[39m[38;5;3m +1ms[39m
[32m[Nest] 27892  - [39m04/24/2026, 3:32:02 AM [32m    LOG[39m [38;5;3m[InstanceLoader] [39m[32mUsersModule dependencies initialized[39m[38;5;3m +1ms[39m
[32m[Nest] 27892  - [39m04/24/2026, 3:32:02 AM [32m    LOG[39m [38;5;3m[InstanceLoader] [39m[32mAdminModule dependencies initialized[39m[38;5;3m +1ms[39m
[32m[Nest] 27892  - [39m04/24/2026, 3:32:02 AM [32m    LOG[39m [38;5;3m[InstanceLoader] [39m[32mJaModule dependencies initialized[39m[38;5;3m +3ms[39m
[32m[Nest] 27892  - [39m04/24/2026, 3:32:02 AM [32m    LOG[39m [38;5;3m[InstanceLoader] [39m[32mNotificationsModule dependencies initialized[39m[38;5;3m +1ms[39m
[32m[Nest] 27892  - [39m04/24/2026, 3:32:02 AM [32m    LOG[39m [38;5;3m[InstanceLoader] [39m[32mDiscussionBoardModule dependencies initialized[39m[38;5;3m +0ms[39m
[32m[Nest] 27892  - [39m04/24/2026, 3:32:02 AM [32m    LOG[39m [38;5;3m[InstanceLoader] [39m[32mClassesModule dependencies initialized[39m[38;5;3m +1ms[39m
[32m[Nest] 27892  - [39m04/24/2026, 3:32:02 AM [32m    LOG[39m [38;5;3m[InstanceLoader] [39m[32mLessonsModule dependencies initialized[39m[38;5;3m +0ms[39m
[32m[Nest] 27892  - [39m04/24/2026, 3:32:02 AM [32m    LOG[39m [38;5;3m[InstanceLoader] [39m[32mFileUploadModule dependencies initialized[39m[38;5;3m +0ms[39m
[32m[Nest] 27892  - [39m04/24/2026, 3:32:02 AM [32m    LOG[39m [38;5;3m[InstanceLoader] [39m[32mAnnouncementsModule dependencies initialized[39m[38;5;3m +0ms[39m
[32m[Nest] 27892  - [39m04/24/2026, 3:32:02 AM [32m    LOG[39m [38;5;3m[InstanceLoader] [39m[32mAiMentorModule dependencies initialized[39m[38;5;3m +1ms[39m
[32m[Nest] 27892  - [39m04/24/2026, 3:32:02 AM [32m    LOG[39m [38;5;3m[InstanceLoader] [39m[32mAssessmentsModule dependencies initialized[39m[38;5;3m +1ms[39m
[32m[Nest] 27892  - [39m04/24/2026, 3:32:02 AM [32m    LOG[39m [38;5;3m[InstanceLoader] [39m[32mAuthModule dependencies initialized[39m[38;5;3m +1ms[39m
[32m[Nest] 27892  - [39m04/24/2026, 3:32:02 AM [32m    LOG[39m [38;5;3m[InstanceLoader] [39m[32mTeacherModule dependencies initialized[39m[38;5;3m +0ms[39m
2026-04-24 03:32:02 [32minfo[39m [Bootstrap] Swagger UI available at http://localhost:3000/api
2026-04-24 03:32:02 [32minfo[39m [NotificationsGateway] NotificationsGateway initialized (/notifications)
2026-04-24 03:32:02 [32minfo[39m [RoutesResolver] AuthController {/api/auth}:
2026-04-24 03:32:02 [32minfo[39m [RouterExplorer] Mapped {/api/auth/login, POST} route
2026-04-24 03:32:02 [32minfo[39m [RouterExplorer] Mapped {/api/auth/mobile/login, POST} route
2026-04-24 03:32:02 [32minfo[39m [RouterExplorer] Mapped {/api/auth/refresh, POST} route
2026-04-24 03:32:02 [32minfo[39m [RouterExplorer] Mapped {/api/auth/mobile/refresh, POST} route
2026-04-24 03:32:02 [32minfo[39m [RouterExplorer] Mapped {/api/auth/logout, POST} route
2026-04-24 03:32:02 [32minfo[39m [RouterExplorer] Mapped {/api/auth/mobile/logout, POST} route
2026-04-24 03:32:02 [32minfo[39m [RouterExplorer] Mapped {/api/auth/logout-all, POST} route
2026-04-24 03:32:02 [32minfo[39m [RouterExplorer] Mapped {/api/auth/forgot-password, POST} route
2026-04-24 03:32:02 [32minfo[39m [RouterExplorer] Mapped {/api/auth/reset-password, POST} route
2026-04-24 03:32:02 [32minfo[39m [RouterExplorer] Mapped {/api/auth/validate-credentials, POST} route
2026-04-24 03:32:02 [32minfo[39m [RouterExplorer] Mapped {/api/auth/me, GET} route
2026-04-24 03:32:02 [32minfo[39m [RouterExplorer] Mapped {/api/auth/change-password, POST} route
2026-04-24 03:32:02 [32minfo[39m [RouterExplorer] Mapped {/api/auth/set-initial-password, POST} route
2026-04-24 03:32:02 [32minfo[39m [RouterExplorer] Mapped {/api/auth/set-activation-password, POST} route
2026-04-24 03:32:02 [32minfo[39m [RouterExplorer] Mapped {/api/auth/profile, PATCH} route
2026-04-24 03:32:02 [32minfo[39m [RoutesResolver] UsersController {/api/users}:
2026-04-24 03:32:02 [32minfo[39m [RouterExplorer] Mapped {/api/users/all, GET} route
2026-04-24 03:32:02 [32minfo[39m [RouterExplorer] Mapped {/api/users/:id, GET} route
2026-04-24 03:32:02 [32minfo[39m [RouterExplorer] Mapped {/api/users/create, POST} route
2026-04-24 03:32:02 [32minfo[39m [RouterExplorer] Mapped {/api/users/update/:id, PUT} route
2026-04-24 03:32:02 [32minfo[39m [RouterExplorer] Mapped {/api/users/:id/reset-password, POST} route
2026-04-24 03:32:02 [32minfo[39m [RouterExplorer] Mapped {/api/users/delete/:id, DELETE} route
2026-04-24 03:32:02 [32minfo[39m [RouterExplorer] Mapped {/api/users/:id/suspend, PATCH} route
2026-04-24 03:32:02 [32minfo[39m [RouterExplorer] Mapped {/api/users/:id/reactivate, PATCH} route
2026-04-24 03:32:02 [32minfo[39m [RouterExplorer] Mapped {/api/users/:id/soft-delete, DELETE} route
2026-04-24 03:32:02 [32minfo[39m [RouterExplorer] Mapped {/api/users/:id/export, GET} route
2026-04-24 03:32:02 [32minfo[39m [RouterExplorer] Mapped {/api/users/:id/purge, DELETE} route
2026-04-24 03:32:02 [32minfo[39m [RouterExplorer] Mapped {/api/users/bulk/lifecycle, POST} route
2026-04-24 03:32:02 [32minfo[39m [RoutesResolver] OtpController {/api/otp}:
2026-04-24 03:32:02 [32minfo[39m [RouterExplorer] Mapped {/api/otp/verify, POST} route
2026-04-24 03:32:02 [32minfo[39m [RouterExplorer] Mapped {/api/otp/resend, POST} route
2026-04-24 03:32:02 [32minfo[39m [RoutesResolver] SectionsController {/api/sections}:
2026-04-24 03:32:02 [32minfo[39m [RouterExplorer] Mapped {/api/sections/all, GET} route
2026-04-24 03:32:02 [32minfo[39m [RouterExplorer] Mapped {/api/sections/my, GET} route
2026-04-24 03:32:02 [32minfo[39m [RouterExplorer] Mapped {/api/sections/:id, GET} route
2026-04-24 03:32:02 [32minfo[39m [RouterExplorer] Mapped {/api/sections/create, POST} route
2026-04-24 03:32:02 [32minfo[39m [RouterExplorer] Mapped {/api/sections/update/:id, PUT} route
2026-04-24 03:32:02 [32minfo[39m [RouterExplorer] Mapped {/api/sections/:id/presentation, PATCH} route
2026-04-24 03:32:02 [32minfo[39m [RouterExplorer] Mapped {/api/sections/:id/banner, POST} route
2026-04-24 03:32:02 [32minfo[39m [RouterExplorer] Mapped {/api/sections/delete/:id, DELETE} route
2026-04-24 03:32:02 [32minfo[39m [RouterExplorer] Mapped {/api/sections/bulk/lifecycle, POST} route
2026-04-24 03:32:02 [32minfo[39m [RouterExplorer] Mapped {/api/sections/:id/hide, PATCH} route
2026-04-24 03:32:02 [32minfo[39m [RouterExplorer] Mapped {/api/sections/:id/unhide, PATCH} route
2026-04-24 03:32:02 [32minfo[39m [RouterExplorer] Mapped {/api/sections/:id/restore, PUT} route
2026-04-24 03:32:02 [32minfo[39m [RouterExplorer] Mapped {/api/sections/:id/roster, GET} route
2026-04-24 03:32:02 [32minfo[39m [RouterExplorer] Mapped {/api/sections/:id/candidates, GET} route
2026-04-24 03:32:02 [32minfo[39m [RouterExplorer] Mapped {/api/sections/:id/roster, POST} route
2026-04-24 03:32:02 [32minfo[39m [RouterExplorer] Mapped {/api/sections/:id/roster/:studentId, DELETE} route
2026-04-24 03:32:02 [32minfo[39m [RouterExplorer] Mapped {/api/sections/permanent/:id, DELETE} route
2026-04-24 03:32:02 [32minfo[39m [RouterExplorer] Mapped {/api/sections/:id/students/:studentId/profile, GET} route
2026-04-24 03:32:02 [32minfo[39m [RouterExplorer] Mapped {/api/sections/:id/schedule, GET} route
2026-04-24 03:32:02 [32minfo[39m [RoutesResolver] SectionsPublicController {/api/sections}:
2026-04-24 03:32:02 [32minfo[39m [RouterExplorer] Mapped {/api/sections/banners/:filename, GET} route
2026-04-24 03:32:02 [32minfo[39m [RoutesResolver] ClassesController {/api/classes}:
2026-04-24 03:32:02 [32minfo[39m [RouterExplorer] Mapped {/api/classes, GET} route
2026-04-24 03:32:02 [32minfo[39m [RouterExplorer] Mapped {/api/classes/all, GET} route
2026-04-24 03:32:02 [32minfo[39m [RouterExplorer] Mapped {/api/classes/teacher/:teacherId, GET} route
2026-04-24 03:32:02 [32minfo[39m [RouterExplorer] Mapped {/api/classes/section/:sectionId, GET} route
2026-04-24 03:32:02 [32minfo[39m [RouterExplorer] Mapped {/api/classes/subject/:subjectCode, GET} route
2026-04-24 03:32:02 [32minfo[39m [RouterExplorer] Mapped {/api/classes/student/:studentId, GET} route
2026-04-24 03:32:02 [32minfo[39m [RouterExplorer] Mapped {/api/classes/student/:studentId/preferences/presentation, GET} route
2026-04-24 03:32:02 [32minfo[39m [RouterExplorer] Mapped {/api/classes/:id/student-presentation, PUT} route
2026-04-24 03:32:02 [32minfo[39m [RouterExplorer] Mapped {/api/classes/student/:studentId/preferences/view, GET} route
2026-04-24 03:32:02 [32minfo[39m [RouterExplorer] Mapped {/api/classes/student/:studentId/preferences/view, PUT} route
2026-04-24 03:32:02 [32minfo[39m [RouterExplorer] Mapped {/api/classes/:id, GET} route
2026-04-24 03:32:02 [32minfo[39m [RouterExplorer] Mapped {/api/classes, POST} route
2026-04-24 03:32:02 [32minfo[39m [RouterExplorer] Mapped {/api/classes/:id, PUT} route
2026-04-24 03:32:02 [32minfo[39m [RouterExplorer] Mapped {/api/classes/:id/presentation, PATCH} route
2026-04-24 03:32:02 [32minfo[39m [RouterExplorer] Mapped {/api/classes/:id/banner, POST} route
2026-04-24 03:32:02 [32minfo[39m [RouterExplorer] Mapped {/api/classes/:id/toggle-status, PUT} route
2026-04-24 03:32:02 [32minfo[39m [RouterExplorer] Mapped {/api/classes/bulk/lifecycle, POST} route
2026-04-24 03:32:02 [32minfo[39m [RouterExplorer] Mapped {/api/classes/:id/purge, DELETE} route
2026-04-24 03:32:02 [32minfo[39m [RouterExplorer] Mapped {/api/classes/:id, DELETE} route
2026-04-24 03:32:02 [32minfo[39m [RouterExplorer] Mapped {/api/classes/:id/hide, PATCH} route
2026-04-24 03:32:02 [32minfo[39m [RouterExplorer] Mapped {/api/classes/:id/unhide, PATCH} route
2026-04-24 03:32:02 [32minfo[39m [RouterExplorer] Mapped {/api/classes/:classId/enrollments, GET} route
2026-04-24 03:32:02 [32minfo[39m [RouterExplorer] Mapped {/api/classes/:classId/students/:studentId/profile, GET} route
2026-04-24 03:32:02 [32minfo[39m [RouterExplorer] Mapped {/api/classes/:classId/students/:studentId/overview, GET} route
2026-04-24 03:32:02 [32minfo[39m [RouterExplorer] Mapped {/api/classes/:classId/students/masterlist, GET} route
2026-04-24 03:32:02 [32minfo[39m [RouterExplorer] Mapped {/api/classes/:classId/candidates, GET} route
2026-04-24 03:32:02 [32minfo[39m [RouterExplorer] Mapped {/api/classes/:classId/enrollments, POST} route
2026-04-24 03:32:02 [32minfo[39m [RouterExplorer] Mapped {/api/classes/:classId/enrollments/:studentId, DELETE} route
2026-04-24 03:32:02 [32minfo[39m [RoutesResolver] ClassesPublicController {/api/classes}:
2026-04-24 03:32:02 [32minfo[39m [RouterExplorer] Mapped {/api/classes/banners/:filename, GET} route
2026-04-24 03:32:02 [32minfo[39m [RoutesResolver] ClassRecordController {/api/class-record}:
2026-04-24 03:32:02 [32minfo[39m [RouterExplorer] Mapped {/api/class-record, POST} route
2026-04-24 03:32:02 [32minfo[39m [RouterExplorer] Mapped {/api/class-record/:id, GET} route
2026-04-24 03:32:02 [32minfo[39m [RouterExplorer] Mapped {/api/class-record/by-class/:classId, GET} route
2026-04-24 03:32:02 [32minfo[39m [RouterExplorer] Mapped {/api/class-record/:id/spreadsheet, GET} route
2026-04-24 03:32:02 [32minfo[39m [RouterExplorer] Mapped {/api/class-record/items/:itemId/scores, POST} route
2026-04-24 03:32:02 [32minfo[39m [RouterExplorer] Mapped {/api/class-record/items/:itemId, PATCH} route
2026-04-24 03:32:02 [32minfo[39m [RouterExplorer] Mapped {/api/class-record/items/:itemId/scores/bulk, POST} route
2026-04-24 03:32:02 [32minfo[39m [RouterExplorer] Mapped {/api/class-record/items/:itemId/sync-scores, POST} route
2026-04-24 03:32:02 [32minfo[39m [RouterExplorer] Mapped {/api/class-record/:id/preview-grades, GET} route
2026-04-24 03:32:02 [32minfo[39m [RouterExplorer] Mapped {/api/class-record/:id/finalize, POST} route
2026-04-24 03:32:02 [32minfo[39m [RouterExplorer] Mapped {/api/class-record/:id/reopen, POST} route
2026-04-24 03:32:02 [32minfo[39m [RouterExplorer] Mapped {/api/class-record/by-class/:classId/slot-overview, GET} route
2026-04-24 03:32:02 [32minfo[39m [RouterExplorer] Mapped {/api/class-record/:id/final-grades, GET} route
2026-04-24 03:32:02 [32minfo[39m [RouterExplorer] Mapped {/api/class-record/:classRecordId/final-grades/:studentId, GET} route
2026-04-24 03:32:02 [32minfo[39m [RouterExplorer] Mapped {/api/class-record/adviser/section/:sectionId, GET} route
2026-04-24 03:32:02 [32minfo[39m [RouterExplorer] Mapped {/api/class-record/:id/reports/class-average, GET} route
2026-04-24 03:32:02 [32minfo[39m [RouterExplorer] Mapped {/api/class-record/:id/reports/distribution, GET} route
2026-04-24 03:32:02 [32minfo[39m [RouterExplorer] Mapped {/api/class-record/:id/reports/intervention, GET} route
2026-04-24 03:32:02 [32minfo[39m [RoutesResolver] AcademicStateController {/api/academic-state}:
2026-04-24 03:32:02 [32minfo[39m [RouterExplorer] Mapped {/api/academic-state/current, GET} route
2026-04-24 03:32:02 [32minfo[39m [RouterExplorer] Mapped {/api/academic-state/impact-preview, GET} route
2026-04-24 03:32:02 [32minfo[39m [RouterExplorer] Mapped {/api/academic-state/transition, POST} route
2026-04-24 03:32:02 [32minfo[39m [RoutesResolver] LessonsController {/api/lessons}:
2026-04-24 03:32:02 [32minfo[39m [RouterExplorer] Mapped {/api/lessons/class/:classId, GET} route
2026-04-24 03:32:02 [32minfo[39m [RouterExplorer] Mapped {/api/lessons/class/:classId/drafts, GET} route
2026-04-24 03:32:02 [32minfo[39m [RouterExplorer] Mapped {/api/lessons/:id, GET} route
2026-04-24 03:32:02 [32minfo[39m [RouterExplorer] Mapped {/api/lessons, POST} route
2026-04-24 03:32:02 [32minfo[39m [RouterExplorer] Mapped {/api/lessons/:id, PUT} route
2026-04-24 03:32:02 [32minfo[39m [RouterExplorer] Mapped {/api/lessons/:id/publish, PUT} route
2026-04-24 03:32:02 [32minfo[39m [RouterExplorer] Mapped {/api/lessons/:id/versions, GET} route
2026-04-24 03:32:02 [32minfo[39m [RouterExplorer] Mapped {/api/lessons/:id/versions, POST} route
2026-04-24 03:32:02 [32minfo[39m [RouterExplorer] Mapped {/api/lessons/:id/versions/:versionId/restore, POST} route
2026-04-24 03:32:02 [32minfo[39m [RouterExplorer] Mapped {/api/lessons/class/:classId/bulk-status, PUT} route
2026-04-24 03:32:02 [32minfo[39m [RouterExplorer] Mapped {/api/lessons/class/:classId/bulk-delete, POST} route
2026-04-24 03:32:02 [32minfo[39m [RouterExplorer] Mapped {/api/lessons/class/:classId/reorder, PUT} route
2026-04-24 03:32:02 [32minfo[39m [RouterExplorer] Mapped {/api/lessons/:id, DELETE} route
2026-04-24 03:32:02 [32minfo[39m [RouterExplorer] Mapped {/api/lessons/:lessonId/blocks, POST} route
2026-04-24 03:32:02 [32minfo[39m [RouterExplorer] Mapped {/api/lessons/blocks/:blockId, PUT} route
2026-04-24 03:32:02 [32minfo[39m [RouterExplorer] Mapped {/api/lessons/blocks/:blockId, DELETE} route
2026-04-24 03:32:02 [32minfo[39m [RouterExplorer] Mapped {/api/lessons/:lessonId/reorder-blocks, PUT} route
2026-04-24 03:32:02 [32minfo[39m [RouterExplorer] Mapped {/api/lessons/:lessonId/complete, POST} route
2026-04-24 03:32:02 [32minfo[39m [RouterExplorer] Mapped {/api/lessons/:lessonId/completion-status, GET} route
2026-04-24 03:32:02 [32minfo[39m [RouterExplorer] Mapped {/api/lessons/class/:classId/completed, GET} route
2026-04-24 03:32:02 [32minfo[39m [RoutesResolver] AssessmentsController {/api/assessments}:
2026-04-24 03:32:02 [32minfo[39m [RouterExplorer] Mapped {/api/assessments/class/:classId, GET} route
2026-04-24 03:32:02 [32minfo[39m [RouterExplorer] Mapped {/api/assessments/:id, GET} route
2026-04-24 03:32:02 [32minfo[39m [RouterExplorer] Mapped {/api/assessments, POST} route
2026-04-24 03:32:02 [32minfo[39m [RouterExplorer] Mapped {/api/assessments/:id, PUT} route
2026-04-24 03:32:02 [32minfo[39m [RouterExplorer] Mapped {/api/assessments/:id/core-release, PATCH} route
2026-04-24 03:32:02 [32minfo[39m [RouterExplorer] Mapped {/api/assessments/:id, DELETE} route
2026-04-24 03:32:02 [32minfo[39m [RouterExplorer] Mapped {/api/assessments/questions, POST} route
2026-04-24 03:32:02 [32minfo[39m [RouterExplorer] Mapped {/api/assessments/questions/:id, PUT} route
2026-04-24 03:32:02 [32minfo[39m [RouterExplorer] Mapped {/api/assessments/questions/:id, DELETE} route
2026-04-24 03:32:02 [32minfo[39m [RouterExplorer] Mapped {/api/assessments/questions/:id/image, POST} route
2026-04-24 03:32:02 [32minfo[39m [RouterExplorer] Mapped {/api/assessments/questions/images-private/:filename, GET} route
2026-04-24 03:32:02 [32minfo[39m [RouterExplorer] Mapped {/api/assessments/:assessmentId/teacher-attachment, POST} route
2026-04-24 03:32:02 [32minfo[39m [RouterExplorer] Mapped {/api/assessments/:assessmentId/submission-file, POST} route
2026-04-24 03:32:02 [32minfo[39m [RouterExplorer] Mapped {/api/assessments/:assessmentId/teacher-attachment/download, GET} route
2026-04-24 03:32:02 [32minfo[39m [RouterExplorer] Mapped {/api/assessments/attempts/:attemptId/submission-file/download, GET} route
2026-04-24 03:32:02 [32minfo[39m [RouterExplorer] Mapped {/api/assessments/:assessmentId/start, POST} route
2026-04-24 03:32:02 [32minfo[39m [RouterExplorer] Mapped {/api/assessments/:assessmentId/ongoing-attempt, GET} route
2026-04-24 03:32:02 [32minfo[39m [RouterExplorer] Mapped {/api/assessments/attempts/ongoing, GET} route
2026-04-24 03:32:02 [32minfo[39m [RouterExplorer] Mapped {/api/assessments/attempts/:attemptId/progress, PATCH} route
2026-04-24 03:32:02 [32minfo[39m [RouterExplorer] Mapped {/api/assessments/submit, POST} route
2026-04-24 03:32:02 [32minfo[39m [RouterExplorer] Mapped {/api/assessments/:assessmentId/rubric-source, POST} route
2026-04-24 03:32:02 [32minfo[39m [RouterExplorer] Mapped {/api/assessments/:assessmentId/rubric-review, PUT} route
2026-04-24 03:32:02 [32minfo[39m [RouterExplorer] Mapped {/api/assessments/:assessmentId/unsubmit-file-upload, POST} route
2026-04-24 03:32:02 [32minfo[39m [RouterExplorer] Mapped {/api/assessments/attempts/:attemptId/results, GET} route
2026-04-24 03:32:02 [32minfo[39m [RouterExplorer] Mapped {/api/assessments/:assessmentId/student-attempts, GET} route
2026-04-24 03:32:02 [32minfo[39m [RouterExplorer] Mapped {/api/assessments/:assessmentId/all-attempts, GET} route
2026-04-24 03:32:02 [32minfo[39m [RouterExplorer] Mapped {/api/assessments/:assessmentId/stats, GET} route
2026-04-24 03:32:02 [32minfo[39m [RouterExplorer] Mapped {/api/assessments/:assessmentId/question-analytics, GET} route
2026-04-24 03:32:02 [32minfo[39m [RouterExplorer] Mapped {/api/assessments/:assessmentId/submissions, GET} route
2026-04-24 03:32:02 [32minfo[39m [RouterExplorer] Mapped {/api/assessments/attempts/:attemptId/return, POST} route
2026-04-24 03:32:02 [32minfo[39m [RouterExplorer] Mapped {/api/assessments/:assessmentId/return-all, POST} route
2026-04-24 03:32:02 [32minfo[39m [RoutesResolver] AssessmentsPublicController {/api/assessments}:
2026-04-24 03:32:02 [32minfo[39m [RouterExplorer] Mapped {/api/assessments/questions/images/:filename, GET} route
2026-04-24 03:32:02 [32minfo[39m [RoutesResolver] NotificationsController {/api/notifications}:
2026-04-24 03:32:02 [32minfo[39m [RouterExplorer] Mapped {/api/notifications, GET} route
2026-04-24 03:32:02 [32minfo[39m [RouterExplorer] Mapped {/api/notifications/unread-count, GET} route
2026-04-24 03:32:02 [32minfo[39m [RouterExplorer] Mapped {/api/notifications/read-all, PATCH} route
2026-04-24 03:32:02 [32minfo[39m [RouterExplorer] Mapped {/api/notifications/:id/read, PATCH} route
2026-04-24 03:32:02 [32minfo[39m [RoutesResolver] ProfilesController {/api/profiles}:
2026-04-24 03:32:02 [32minfo[39m [RouterExplorer] Mapped {/api/profiles/me, GET} route
2026-04-24 03:32:02 [32minfo[39m [RouterExplorer] Mapped {/api/profiles/me/academic-summary, GET} route
2026-04-24 03:32:02 [32minfo[39m [RouterExplorer] Mapped {/api/profiles/me/transcript, GET} route
2026-04-24 03:32:02 [32minfo[39m [RouterExplorer] Mapped {/api/profiles/me/assessment-history, GET} route
2026-04-24 03:32:02 [32minfo[39m [RouterExplorer] Mapped {/api/profiles/images/:filename, GET} route
2026-04-24 03:32:02 [32minfo[39m [RouterExplorer] Mapped {/api/profiles/:userId, GET} route
2026-04-24 03:32:02 [32minfo[39m [RouterExplorer] Mapped {/api/profiles/create, POST} route
2026-04-24 03:32:02 [32minfo[39m [RouterExplorer] Mapped {/api/profiles/update/:userId, PUT} route
2026-04-24 03:32:02 [32minfo[39m [RouterExplorer] Mapped {/api/profiles/me/avatar, POST} route
2026-04-24 03:32:02 [32minfo[39m [RoutesResolver] AdminController {/api/admin}:
2026-04-24 03:32:02 [32minfo[39m [RouterExplorer] Mapped {/api/admin/overview, GET} route
2026-04-24 03:32:02 [32minfo[39m [RouterExplorer] Mapped {/api/admin/dashboard/stats, GET} route
2026-04-24 03:32:02 [32minfo[39m [RouterExplorer] Mapped {/api/admin/audit-logs, GET} route
2026-04-24 03:32:02 [32minfo[39m [RouterExplorer] Mapped {/api/admin/usage-summary, GET} route
2026-04-24 03:32:02 [32minfo[39m [RouterExplorer] Mapped {/api/admin/activity-export, GET} route
2026-04-24 03:32:02 [32minfo[39m [RoutesResolver] ReportsController {/api/reports}:
2026-04-24 03:32:02 [32minfo[39m [RouterExplorer] Mapped {/api/reports/student-master-list, GET} route
2026-04-24 03:32:02 [32minfo[39m [RouterExplorer] Mapped {/api/reports/class-enrollment, GET} route
2026-04-24 03:32:02 [32minfo[39m [RouterExplorer] Mapped {/api/reports/student-performance, GET} route
2026-04-24 03:32:02 [32minfo[39m [RouterExplorer] Mapped {/api/reports/intervention-participation, GET} route
2026-04-24 03:32:02 [32minfo[39m [RouterExplorer] Mapped {/api/reports/assessment-summary, GET} route
2026-04-24 03:32:02 [32minfo[39m [RouterExplorer] Mapped {/api/reports/system-usage, GET} route
2026-04-24 03:32:02 [32minfo[39m [RoutesResolver] AnalyticsController {/api/analytics}:
2026-04-24 03:32:02 [32minfo[39m [RouterExplorer] Mapped {/api/analytics/classes/:classId/intervention-outcomes, GET} route
2026-04-24 03:32:02 [32minfo[39m [RouterExplorer] Mapped {/api/analytics/classes/:classId/trends, GET} route
2026-04-24 03:32:02 [32minfo[39m [RouterExplorer] Mapped {/api/analytics/teachers/:teacherId/workload, GET} route
2026-04-24 03:32:02 [32minfo[39m [RouterExplorer] Mapped {/api/analytics/admin/overview, GET} route
2026-04-24 03:32:02 [32minfo[39m [RoutesResolver] HealthController {/api/health}:
2026-04-24 03:32:02 [32minfo[39m [RouterExplorer] Mapped {/api/health/live, GET} route
2026-04-24 03:32:03 [32minfo[39m [RouterExplorer] Mapped {/api/health, GET} route
2026-04-24 03:32:03 [32minfo[39m [RouterExplorer] Mapped {/api/health/ready, GET} route
2026-04-24 03:32:03 [32minfo[39m [RoutesResolver] TeacherController {/api/teacher}:
2026-04-24 03:32:03 [32minfo[39m [RouterExplorer] Mapped {/api/teacher/lessons, GET} route
2026-04-24 03:32:03 [32minfo[39m [RouterExplorer] Mapped {/api/teacher/classes, GET} route
2026-04-24 03:32:03 [32minfo[39m [RouterExplorer] Mapped {/api/teacher/assessments, GET} route
2026-04-24 03:32:03 [32minfo[39m [RoutesResolver] MetricsController {/api}:
2026-04-24 03:32:03 [32minfo[39m [RouterExplorer] Mapped {/api/metrics, GET} route
2026-04-24 03:32:03 [32minfo[39m [RoutesResolver] FileUploadController {/api/files}:
2026-04-24 03:32:03 [32minfo[39m [RouterExplorer] Mapped {/api/files/upload, POST} route
2026-04-24 03:32:03 [32minfo[39m [RouterExplorer] Mapped {/api/files, GET} route
2026-04-24 03:32:03 [32minfo[39m [RouterExplorer] Mapped {/api/files/folders, GET} route
2026-04-24 03:32:03 [32minfo[39m [RouterExplorer] Mapped {/api/files/folders, POST} route
2026-04-24 03:32:03 [32minfo[39m [RouterExplorer] Mapped {/api/files/folders/:id, PATCH} route
2026-04-24 03:32:03 [32minfo[39m [RouterExplorer] Mapped {/api/files/folders/:id, DELETE} route
2026-04-24 03:32:03 [32minfo[39m [RouterExplorer] Mapped {/api/files/storage-summary, GET} route
2026-04-24 03:32:03 [32minfo[39m [RouterExplorer] Mapped {/api/files/:id, GET} route
2026-04-24 03:32:03 [32minfo[39m [RouterExplorer] Mapped {/api/files/:id, PATCH} route
2026-04-24 03:32:03 [32minfo[39m [RouterExplorer] Mapped {/api/files/:id/download, GET} route
2026-04-24 03:32:03 [32minfo[39m [RouterExplorer] Mapped {/api/files/:id/index/retry, POST} route
2026-04-24 03:32:03 [32minfo[39m [RouterExplorer] Mapped {/api/files/:id, DELETE} route
2026-04-24 03:32:03 [32minfo[39m [RoutesResolver] RosterImportController {/api/roster-import}:
2026-04-24 03:32:03 [32minfo[39m [RouterExplorer] Mapped {/api/roster-import/:sectionId/preview, POST} route
2026-04-24 03:32:03 [32minfo[39m [RouterExplorer] Mapped {/api/roster-import/:sectionId/commit, POST} route
2026-04-24 03:32:03 [32minfo[39m [RouterExplorer] Mapped {/api/roster-import/:sectionId/pending, GET} route
2026-04-24 03:32:03 [32minfo[39m [RouterExplorer] Mapped {/api/roster-import/pending/:id/resolve, PATCH} route
2026-04-24 03:32:03 [32minfo[39m [RoutesResolver] AnnouncementsController {/api/classes/:classId/announcements}:
2026-04-24 03:32:03 [32minfo[39m [RouterExplorer] Mapped {/api/classes/:classId/announcements, POST} route
2026-04-24 03:32:03 [32minfo[39m [RouterExplorer] Mapped {/api/classes/:classId/announcements, GET} route
2026-04-24 03:32:03 [32minfo[39m [RouterExplorer] Mapped {/api/classes/:classId/announcements/:id, GET} route
2026-04-24 03:32:03 [32minfo[39m [RouterExplorer] Mapped {/api/classes/:classId/announcements/:id, PATCH} route
2026-04-24 03:32:03 [32minfo[39m [RouterExplorer] Mapped {/api/classes/:classId/announcements/:id/core-release, PATCH} route
2026-04-24 03:32:03 [32minfo[39m [RouterExplorer] Mapped {/api/classes/:classId/announcements/:id, DELETE} route
2026-04-24 03:32:03 [32minfo[39m [RoutesResolver] AiMentorController {/api/ai}:
2026-04-24 03:32:03 [32minfo[39m [RouterExplorer] Mapped {/api/ai/chat, POST} route
2026-04-24 03:32:03 [32minfo[39m [RouterExplorer] Mapped {/api/ai/mentor/explain, POST} route
2026-04-24 03:32:03 [32minfo[39m [RouterExplorer] Mapped {/api/ai/teacher/classes/:classId/policy, GET} route
2026-04-24 03:32:03 [32minfo[39m [RouterExplorer] Mapped {/api/ai/teacher/classes/:classId/policy, PATCH} route
2026-04-24 03:32:03 [32minfo[39m [RouterExplorer] Mapped {/api/ai/student/tutor/bootstrap, GET} route
2026-04-24 03:32:03 [32minfo[39m [RouterExplorer] Mapped {/api/ai/student/tutor/session, POST} route
2026-04-24 03:32:03 [32minfo[39m [RouterExplorer] Mapped {/api/ai/student/tutor/session/:sessionId, GET} route
2026-04-24 03:32:03 [32minfo[39m [RouterExplorer] Mapped {/api/ai/student/tutor/session/:sessionId/message, POST} route
2026-04-24 03:32:03 [32minfo[39m [RouterExplorer] Mapped {/api/ai/student/tutor/session/:sessionId/answers, POST} route
2026-04-24 03:32:03 [32minfo[39m [RouterExplorer] Mapped {/api/ai/health, GET} route
2026-04-24 03:32:03 [32minfo[39m [RouterExplorer] Mapped {/api/ai/demo/intervention-plan, POST} route
2026-04-24 03:32:03 [32minfo[39m [RouterExplorer] Mapped {/api/ai/extract-module, POST} route
2026-04-24 03:32:03 [32minfo[39m [RouterExplorer] Mapped {/api/ai/extractions/:id/status, GET} route
2026-04-24 03:32:03 [32minfo[39m [RouterExplorer] Mapped {/api/ai/extractions, GET} route
2026-04-24 03:32:03 [32minfo[39m [RouterExplorer] Mapped {/api/ai/extractions/:id, GET} route
2026-04-24 03:32:03 [32minfo[39m [RouterExplorer] Mapped {/api/ai/extractions/:id, PATCH} route
2026-04-24 03:32:03 [32minfo[39m [RouterExplorer] Mapped {/api/ai/extractions/:id/apply, POST} route
2026-04-24 03:32:03 [32minfo[39m [RouterExplorer] Mapped {/api/ai/extractions/:id, DELETE} route
2026-04-24 03:32:03 [32minfo[39m [RouterExplorer] Mapped {/api/ai/history, GET} route
2026-04-24 03:32:03 [32minfo[39m [RouterExplorer] Mapped {/api/ai/admin/chat, POST} route
2026-04-24 03:32:03 [32minfo[39m [RouterExplorer] Mapped {/api/ai/admin/history, GET} route
2026-04-24 03:32:03 [32minfo[39m [RouterExplorer] Mapped {/api/ai/admin/sessions/:sessionId, GET} route
2026-04-24 03:32:03 [32minfo[39m [RouterExplorer] Mapped {/api/ai/teacher/interventions/:caseId/recommend, POST} route
2026-04-24 03:32:03 [32minfo[39m [RouterExplorer] Mapped {/api/ai/teacher/interventions/:caseId/jobs, POST} route
2026-04-24 03:32:03 [32minfo[39m [RouterExplorer] Mapped {/api/ai/teacher/quizzes/generate-draft, POST} route
2026-04-24 03:32:03 [32minfo[39m [RouterExplorer] Mapped {/api/ai/teacher/quizzes/jobs, POST} route
2026-04-24 03:32:03 [32minfo[39m [RouterExplorer] Mapped {/api/ai/teacher/jobs/:jobId, GET} route
2026-04-24 03:32:03 [32minfo[39m [RouterExplorer] Mapped {/api/ai/teacher/jobs/:jobId/result, GET} route
2026-04-24 03:32:03 [32minfo[39m [RouterExplorer] Mapped {/api/ai/teacher/jobs/:jobId, DELETE} route
2026-04-24 03:32:03 [32minfo[39m [RouterExplorer] Mapped {/api/ai/index/classes/:classId/status, GET} route
2026-04-24 03:32:03 [32minfo[39m [RouterExplorer] Mapped {/api/ai/index/classes/:classId, POST} route
2026-04-24 03:32:03 [32minfo[39m [RoutesResolver] PerformanceController {/api/performance}:
2026-04-24 03:32:03 [32minfo[39m [RouterExplorer] Mapped {/api/performance/classes/:classId/recompute, POST} route
2026-04-24 03:32:03 [32minfo[39m [RouterExplorer] Mapped {/api/performance/classes/:classId/summary, GET} route
2026-04-24 03:32:03 [32minfo[39m [RouterExplorer] Mapped {/api/performance/classes/:classId/at-risk, GET} route
2026-04-24 03:32:03 [32minfo[39m [RouterExplorer] Mapped {/api/performance/classes/:classId/logs, GET} route
2026-04-24 03:32:03 [32minfo[39m [RouterExplorer] Mapped {/api/performance/classes/:classId/analysis/jobs, POST} route
2026-04-24 03:32:03 [32minfo[39m [RouterExplorer] Mapped {/api/performance/analysis/jobs/:jobId, GET} route
2026-04-24 03:32:03 [32minfo[39m [RouterExplorer] Mapped {/api/performance/analysis/jobs/:jobId/result, GET} route
2026-04-24 03:32:03 [32minfo[39m [RouterExplorer] Mapped {/api/performance/classes/:classId/diagnostics, GET} route
2026-04-24 03:32:03 [32minfo[39m [RouterExplorer] Mapped {/api/performance/admin/analytics, GET} route
2026-04-24 03:32:03 [32minfo[39m [RouterExplorer] Mapped {/api/performance/students/me/summary, GET} route
2026-04-24 03:32:03 [32minfo[39m [RoutesResolver] LxpController {/api/lxp}:
2026-04-24 03:32:03 [32minfo[39m [RouterExplorer] Mapped {/api/lxp/me/eligibility, GET} route
2026-04-24 03:32:03 [32minfo[39m [RouterExplorer] Mapped {/api/lxp/me/playlist/:classId, GET} route
2026-04-24 03:32:03 [32minfo[39m [RouterExplorer] Mapped {/api/lxp/me/overview/:classId, GET} route
2026-04-24 03:32:03 [32minfo[39m [RouterExplorer] Mapped {/api/lxp/me/playlist/:classId/checkpoints/:assignmentId/complete, POST} route
2026-04-24 03:32:03 [32minfo[39m [RouterExplorer] Mapped {/api/lxp/teacher/classes/:classId/interventions, GET} route
2026-04-24 03:32:03 [32minfo[39m [RouterExplorer] Mapped {/api/lxp/teacher/interventions/pending-count, GET} route
2026-04-24 03:32:03 [32minfo[39m [RouterExplorer] Mapped {/api/lxp/teacher/interventions/:caseId/assign, POST} route
2026-04-24 03:32:03 [32minfo[39m [RouterExplorer] Mapped {/api/lxp/teacher/interventions/:caseId/resolve, POST} route
2026-04-24 03:32:03 [32minfo[39m [RouterExplorer] Mapped {/api/lxp/teacher/interventions/:caseId/activate, POST} route
2026-04-24 03:32:03 [32minfo[39m [RouterExplorer] Mapped {/api/lxp/teacher/interventions/:caseId, GET} route
2026-04-24 03:32:03 [32minfo[39m [RouterExplorer] Mapped {/api/lxp/teacher/interventions/:caseId/detail, GET} route
2026-04-24 03:32:03 [32minfo[39m [RouterExplorer] Mapped {/api/lxp/teacher/classes/:classId/reports/summary, GET} route
2026-04-24 03:32:03 [32minfo[39m [RouterExplorer] Mapped {/api/lxp/evaluations, POST} route
2026-04-24 03:32:03 [32minfo[39m [RouterExplorer] Mapped {/api/lxp/evaluations, GET} route
2026-04-24 03:32:03 [32minfo[39m [RoutesResolver] TeacherProfilesController {/api/teacher-profiles}:
2026-04-24 03:32:03 [32minfo[39m [RouterExplorer] Mapped {/api/teacher-profiles/me, GET} route
2026-04-24 03:32:03 [32minfo[39m [RouterExplorer] Mapped {/api/teacher-profiles/:userId, GET} route
2026-04-24 03:32:03 [32minfo[39m [RouterExplorer] Mapped {/api/teacher-profiles/:userId, PUT} route
2026-04-24 03:32:03 [32minfo[39m [RouterExplorer] Mapped {/api/teacher-profiles/me/avatar, POST} route
2026-04-24 03:32:03 [32minfo[39m [RoutesResolver] ContentModulesController {/api/modules}:
2026-04-24 03:32:03 [32minfo[39m [RouterExplorer] Mapped {/api/modules/class/:classId, GET} route
2026-04-24 03:32:03 [32minfo[39m [RouterExplorer] Mapped {/api/modules/class/:classId/:moduleId, GET} route
2026-04-24 03:32:03 [32minfo[39m [RouterExplorer] Mapped {/api/modules, POST} route
2026-04-24 03:32:03 [32minfo[39m [RouterExplorer] Mapped {/api/modules/:moduleId, PATCH} route
2026-04-24 03:32:03 [32minfo[39m [RouterExplorer] Mapped {/api/modules/:moduleId/core-release, PATCH} route
2026-04-24 03:32:03 [32minfo[39m [RouterExplorer] Mapped {/api/modules/:moduleId, DELETE} route
2026-04-24 03:32:03 [32minfo[39m [RouterExplorer] Mapped {/api/modules/class/:classId/reorder, PUT} route
2026-04-24 03:32:03 [32minfo[39m [RouterExplorer] Mapped {/api/modules/:moduleId/sections, POST} route
2026-04-24 03:32:03 [32minfo[39m [RouterExplorer] Mapped {/api/modules/sections/:sectionId, PATCH} route
2026-04-24 03:32:03 [32minfo[39m [RouterExplorer] Mapped {/api/modules/sections/:sectionId, DELETE} route
2026-04-24 03:32:03 [32minfo[39m [RouterExplorer] Mapped {/api/modules/:moduleId/sections/reorder, PUT} route
2026-04-24 03:32:03 [32minfo[39m [RouterExplorer] Mapped {/api/modules/sections/:sectionId/items, POST} route
2026-04-24 03:32:03 [32minfo[39m [RouterExplorer] Mapped {/api/modules/items/:itemId, PATCH} route
2026-04-24 03:32:03 [32minfo[39m [RouterExplorer] Mapped {/api/modules/items/:itemId/core-release, PATCH} route
2026-04-24 03:32:03 [32minfo[39m [RouterExplorer] Mapped {/api/modules/items/:itemId, DELETE} route
2026-04-24 03:32:03 [32minfo[39m [RouterExplorer] Mapped {/api/modules/items/:itemId/file/download, GET} route
2026-04-24 03:32:03 [32minfo[39m [RouterExplorer] Mapped {/api/modules/sections/:sectionId/items/reorder, PUT} route
2026-04-24 03:32:03 [32minfo[39m [RouterExplorer] Mapped {/api/modules/:moduleId/grading-scale, PUT} route
2026-04-24 03:32:03 [32minfo[39m [RouterExplorer] Mapped {/api/modules/:moduleId/cover, POST} route
2026-04-24 03:32:03 [32minfo[39m [RouterExplorer] Mapped {/api/modules/covers/:filename, GET} route
2026-04-24 03:32:03 [32minfo[39m [RoutesResolver] SchoolEventsController {/api/school-events}:
2026-04-24 03:32:03 [32minfo[39m [RouterExplorer] Mapped {/api/school-events, GET} route
2026-04-24 03:32:03 [32minfo[39m [RouterExplorer] Mapped {/api/school-events, POST} route
2026-04-24 03:32:03 [32minfo[39m [RouterExplorer] Mapped {/api/school-events/:id, PATCH} route
2026-04-24 03:32:03 [32minfo[39m [RouterExplorer] Mapped {/api/school-events/:id, DELETE} route
2026-04-24 03:32:03 [32minfo[39m [RoutesResolver] JaController {/api/ai/student/ja/practice}:
2026-04-24 03:32:03 [32minfo[39m [RouterExplorer] Mapped {/api/ai/student/ja/practice/bootstrap, GET} route
2026-04-24 03:32:03 [32minfo[39m [RouterExplorer] Mapped {/api/ai/student/ja/practice/sessions, POST} route
2026-04-24 03:32:03 [32minfo[39m [RouterExplorer] Mapped {/api/ai/student/ja/practice/sessions/:sessionId, GET} route
2026-04-24 03:32:03 [32minfo[39m [RouterExplorer] Mapped {/api/ai/student/ja/practice/sessions/:sessionId/responses, POST} route
2026-04-24 03:32:03 [32minfo[39m [RouterExplorer] Mapped {/api/ai/student/ja/practice/sessions/:sessionId/events, POST} route
2026-04-24 03:32:03 [32minfo[39m [RouterExplorer] Mapped {/api/ai/student/ja/practice/sessions/:sessionId/complete, POST} route
2026-04-24 03:32:03 [32minfo[39m [RouterExplorer] Mapped {/api/ai/student/ja/practice/sessions/:sessionId, DELETE} route
2026-04-24 03:32:03 [32minfo[39m [RoutesResolver] JaHubController {/api/ai/student/ja}:
2026-04-24 03:32:03 [32minfo[39m [RouterExplorer] Mapped {/api/ai/student/ja/hub, GET} route
2026-04-24 03:32:03 [32minfo[39m [RouterExplorer] Mapped {/api/ai/student/ja/ask/bootstrap, GET} route
2026-04-24 03:32:03 [32minfo[39m [RouterExplorer] Mapped {/api/ai/student/ja/ask/threads, POST} route
2026-04-24 03:32:03 [32minfo[39m [RouterExplorer] Mapped {/api/ai/student/ja/ask/threads/:threadId, GET} route
2026-04-24 03:32:03 [32minfo[39m [RouterExplorer] Mapped {/api/ai/student/ja/ask/threads/:threadId/messages, POST} route
2026-04-24 03:32:03 [32minfo[39m [RouterExplorer] Mapped {/api/ai/student/ja/review/bootstrap, GET} route
2026-04-24 03:32:03 [32minfo[39m [RouterExplorer] Mapped {/api/ai/student/ja/review/sessions, POST} route
2026-04-24 03:32:03 [32minfo[39m [RouterExplorer] Mapped {/api/ai/student/ja/review/sessions/:sessionId, GET} route
2026-04-24 03:32:03 [32minfo[39m [RouterExplorer] Mapped {/api/ai/student/ja/review/sessions/:sessionId/responses, POST} route
2026-04-24 03:32:03 [32minfo[39m [RouterExplorer] Mapped {/api/ai/student/ja/review/sessions/:sessionId/events, POST} route
2026-04-24 03:32:03 [32minfo[39m [RouterExplorer] Mapped {/api/ai/student/ja/review/sessions/:sessionId/complete, POST} route
2026-04-24 03:32:03 [32minfo[39m [RoutesResolver] ClassTemplatesController {/api/class-templates}:
2026-04-24 03:32:03 [32minfo[39m [RouterExplorer] Mapped {/api/class-templates, GET} route
2026-04-24 03:32:03 [32minfo[39m [RouterExplorer] Mapped {/api/class-templates/compatible, GET} route
2026-04-24 03:32:03 [32minfo[39m [RouterExplorer] Mapped {/api/class-templates, POST} route
2026-04-24 03:32:03 [32minfo[39m [RouterExplorer] Mapped {/api/class-templates/:id, GET} route
2026-04-24 03:32:03 [32minfo[39m [RouterExplorer] Mapped {/api/class-templates/:id, PATCH} route
2026-04-24 03:32:03 [32minfo[39m [RouterExplorer] Mapped {/api/class-templates/:id, DELETE} route
2026-04-24 03:32:03 [32minfo[39m [RouterExplorer] Mapped {/api/class-templates/:id/publish, POST} route
2026-04-24 03:32:03 [32minfo[39m [RouterExplorer] Mapped {/api/class-templates/:id/content, GET} route
2026-04-24 03:32:03 [32minfo[39m [RouterExplorer] Mapped {/api/class-templates/:id/content, PUT} route
2026-04-24 03:32:03 [32minfo[39m [RouterExplorer] Mapped {/api/class-templates/:id/engine-export, GET} route
2026-04-24 03:32:03 [32minfo[39m [RouterExplorer] Mapped {/api/class-templates/engine-import/validate, POST} route
2026-04-24 03:32:03 [32minfo[39m [RouterExplorer] Mapped {/api/class-templates/engine-import, POST} route
2026-04-24 03:32:03 [32minfo[39m [RoutesResolver] DiscussionBoardController {/api/classes/:classId/discussion-threads}:
2026-04-24 03:32:03 [32minfo[39m [RouterExplorer] Mapped {/api/classes/:classId/discussion-threads/uploads, POST} route
2026-04-24 03:32:03 [32minfo[39m [RouterExplorer] Mapped {/api/classes/:classId/discussion-threads/:threadId/comments/uploads, POST} route
2026-04-24 03:32:03 [32minfo[39m [RouterExplorer] Mapped {/api/classes/:classId/discussion-threads, POST} route
2026-04-24 03:32:03 [32minfo[39m [RouterExplorer] Mapped {/api/classes/:classId/discussion-threads, GET} route
2026-04-24 03:32:03 [32minfo[39m [RouterExplorer] Mapped {/api/classes/:classId/discussion-threads/:threadId, GET} route
2026-04-24 03:32:03 [32minfo[39m [RouterExplorer] Mapped {/api/classes/:classId/discussion-threads/:threadId, PATCH} route
2026-04-24 03:32:03 [32minfo[39m [RouterExplorer] Mapped {/api/classes/:classId/discussion-threads/:threadId/publish, POST} route
2026-04-24 03:32:03 [32minfo[39m [RouterExplorer] Mapped {/api/classes/:classId/discussion-threads/:threadId/close, POST} route
2026-04-24 03:32:03 [32minfo[39m [RouterExplorer] Mapped {/api/classes/:classId/discussion-threads/:threadId/reopen, POST} route
2026-04-24 03:32:03 [32minfo[39m [RouterExplorer] Mapped {/api/classes/:classId/discussion-threads/:threadId, DELETE} route
2026-04-24 03:32:03 [32minfo[39m [RouterExplorer] Mapped {/api/classes/:classId/discussion-threads/:threadId/comments, POST} route
2026-04-24 03:32:03 [32minfo[39m [RouterExplorer] Mapped {/api/classes/:classId/discussion-threads/:threadId/comments/:commentId, DELETE} route
2026-04-24 03:32:03 [32minfo[39m [RouterExplorer] Mapped {/api/classes/:classId/discussion-threads/:threadId/comments/:commentId/reaction, PUT} route
2026-04-24 03:32:03 [32minfo[39m [RouterExplorer] Mapped {/api/classes/:classId/discussion-threads/:threadId/comments/:commentId/reaction, DELETE} route
2026-04-24 03:32:03 [32minfo[39m [RouterExplorer] Mapped {/api/classes/:classId/discussion-threads/:threadId/attachments/:attachmentId/inline, GET} route
2026-04-24 03:32:03 [32minfo[39m [RouterExplorer] Mapped {/api/classes/:classId/discussion-threads/:threadId/attachments/:attachmentId/download, GET} route
2026-04-24 03:32:03 [32minfo[39m [RouterExplorer] Mapped {/api/classes/:classId/discussion-threads/:threadId/comments/:commentId/attachments/:attachmentId/inline, GET} route
2026-04-24 03:32:03 [32minfo[39m [RouterExplorer] Mapped {/api/classes/:classId/discussion-threads/:threadId/comments/:commentId/attachments/:attachmentId/download, GET} route
2026-04-24 03:32:03 [34mdebug[39m [DatabaseService] New database connection established
2026-04-24 03:32:03 [32minfo[39m [DatabaseService] ✅ Database connection verified
2026-04-24 03:32:03 [32minfo[39m [NestApplication] Nest application successfully started
2026-04-24 03:32:03 [31merror[39m [NestApplication] Error: listen EADDRINUSE: address already in use 0.0.0.0:3000
                                                                                                                                                                                                                                                                                                                                                                                                                                                                                                                                                                                                                                                                                                                                                                                                                                                                                                                                                                                                                                                                                                                                                                                                                                                                                                                                                                                                                                                                                                                                                                                                                                                                                                                                                                                                                                                                                                                                                                                                                                                                                                                                                                                                                                                                                                                                                                                                                                                                                                                                                                                                                                                                                                                                                                                                                                                                                                                                                                                                                                                                                                                                                                                                                                                                                                                                                                                                                                                                                                                                                                                                                                                                                                                                                                                                                                                                                                                                                                                                                                                                                                                                                                                                                                                                                                                                                                                                                                                                                                                                                                                                                                                                                                                                                                                                                                                                                                                                                                                                                                                                                                                                                                                                                                                                                                                                                                                                                                                                                                                                                                                                                                                                                                                                                                                                                                                                                                                                                                                                                                                                                                                                                                                                                                                                          2026-04-24 03:32:00 [34mdebug[39m [AnnouncementsScheduler] Checking for due scheduled announcements...
Query: select "id", "class_id", "author_id", "title", "content", "is_pinned", "is_visible", "is_core_template_asset", "template_id", "template_source_id", "scheduled_at", "published_at", "archived_at", "created_at", "updated_at" from "announcements" "announcements" where ("announcements"."published_at" is null and "announcements"."archived_at" is null and "announcements"."scheduled_at" <= $1) -- params: ["2026-04-23T19:32:00.015Z"]
