INFO:     Started server process [2932]
INFO:     Waiting for application startup.
INFO:httpx:HTTP Request: POST http://localhost:11434/api/generate "HTTP/1.1 200 OK"
INFO:httpx:HTTP Request: POST http://localhost:11434/api/generate "HTTP/1.1 200 OK"
INFO:     Application startup complete.
INFO:     Uvicorn running on http://127.0.0.1:8010 (Press CTRL+C to quit)
INFO:httpx:HTTP Request: POST http://localhost:11434/api/embed "HTTP/1.1 200 OK"
INFO:httpx:HTTP Request: POST http://localhost:11434/api/embed "HTTP/1.1 200 OK"
INFO:httpx:HTTP Request: POST http://localhost:11434/api/embed "HTTP/1.1 200 OK"
INFO:httpx:HTTP Request: POST http://localhost:11434/api/embed "HTTP/1.1 200 OK"
INFO:httpx:HTTP Request: POST http://localhost:11434/api/embed "HTTP/1.1 200 OK"
INFO:httpx:HTTP Request: POST http://localhost:11434/api/embed "HTTP/1.1 200 OK"
INFO:httpx:HTTP Request: POST http://localhost:11434/api/embed "HTTP/1.1 200 OK"
INFO:httpx:HTTP Request: POST http://localhost:11434/api/embed "HTTP/1.1 200 OK"
INFO:httpx:HTTP Request: POST http://localhost:11434/api/embed "HTTP/1.1 200 OK"
INFO:httpx:HTTP Request: POST http://localhost:11434/api/embed "HTTP/1.1 200 OK"
INFO:httpx:HTTP Request: POST http://localhost:11434/api/embed "HTTP/1.1 200 OK"
INFO:httpx:HTTP Request: POST http://localhost:11434/api/embed "HTTP/1.1 200 OK"
INFO:httpx:HTTP Request: POST http://localhost:11434/api/embed "HTTP/1.1 200 OK"
INFO:httpx:HTTP Request: POST http://localhost:11434/api/embed "HTTP/1.1 200 OK"
INFO:httpx:HTTP Request: POST http://localhost:11434/api/embed "HTTP/1.1 200 OK"
INFO:httpx:HTTP Request: POST http://localhost:11434/api/embed "HTTP/1.1 200 OK"
INFO:httpx:HTTP Request: POST http://localhost:11434/api/embed "HTTP/1.1 200 OK"
INFO:httpx:HTTP Request: POST http://localhost:11434/api/embed "HTTP/1.1 200 OK"
INFO:httpx:HTTP Request: POST http://localhost:11434/api/embed "HTTP/1.1 200 OK"
INFO:httpx:HTTP Request: POST http://localhost:11434/api/embed "HTTP/1.1 200 OK"
INFO:httpx:HTTP Request: POST http://localhost:11434/api/embed "HTTP/1.1 200 OK"
INFO:httpx:HTTP Request: POST http://localhost:11434/api/embed "HTTP/1.1 200 OK"
INFO:httpx:HTTP Request: POST http://localhost:11434/api/embed "HTTP/1.1 200 OK"
INFO:httpx:HTTP Request: POST http://localhost:11434/api/embed "HTTP/1.1 200 OK"
INFO:httpx:HTTP Request: POST http://localhost:11434/api/embed "HTTP/1.1 200 OK"
INFO:httpx:HTTP Request: POST http://localhost:11434/api/embed "HTTP/1.1 200 OK"
INFO:httpx:HTTP Request: POST http://localhost:11434/api/embed "HTTP/1.1 200 OK"
INFO:httpx:HTTP Request: POST http://localhost:11434/api/embed "HTTP/1.1 200 OK"
INFO:httpx:HTTP Request: POST http://localhost:11434/api/embed "HTTP/1.1 200 OK"
INFO:httpx:HTTP Request: POST http://localhost:11434/api/embed "HTTP/1.1 200 OK"
INFO:httpx:HTTP Request: POST http://localhost:11434/api/embed "HTTP/1.1 200 OK"
INFO:httpx:HTTP Request: POST http://localhost:11434/api/embed "HTTP/1.1 200 OK"
INFO:httpx:HTTP Request: POST http://localhost:11434/api/embed "HTTP/1.1 200 OK"
INFO:httpx:HTTP Request: POST http://localhost:11434/api/embed "HTTP/1.1 200 OK"
INFO:httpx:HTTP Request: POST http://localhost:11434/api/embed "HTTP/1.1 200 OK"
INFO:httpx:HTTP Request: POST http://localhost:11434/api/embed "HTTP/1.1 200 OK"
INFO:httpx:HTTP Request: POST http://localhost:11434/api/embed "HTTP/1.1 200 OK"
INFO:httpx:HTTP Request: POST http://localhost:11434/api/embed "HTTP/1.1 200 OK"
INFO:httpx:HTTP Request: POST http://localhost:11434/api/embed "HTTP/1.1 200 OK"
INFO:httpx:HTTP Request: POST http://localhost:11434/api/embed "HTTP/1.1 200 OK"
INFO:httpx:HTTP Request: POST http://localhost:11434/api/embed "HTTP/1.1 200 OK"
INFO:httpx:HTTP Request: POST http://localhost:11434/api/embed "HTTP/1.1 200 OK"
INFO:httpx:HTTP Request: POST http://localhost:11434/api/embed "HTTP/1.1 200 OK"
INFO:httpx:HTTP Request: POST http://localhost:11434/api/embed "HTTP/1.1 200 OK"
INFO:httpx:HTTP Request: POST http://localhost:11434/api/embed "HTTP/1.1 200 OK"
INFO:httpx:HTTP Request: POST http://localhost:11434/api/embed "HTTP/1.1 200 OK"
INFO:httpx:HTTP Request: POST http://localhost:11434/api/embed "HTTP/1.1 200 OK"
INFO:httpx:HTTP Request: POST http://localhost:11434/api/embed "HTTP/1.1 200 OK"
INFO:httpx:HTTP Request: POST http://localhost:11434/api/embed "HTTP/1.1 200 OK"
INFO:httpx:HTTP Request: POST http://localhost:11434/api/embed "HTTP/1.1 200 OK"
INFO:httpx:HTTP Request: POST http://localhost:11434/api/embed "HTTP/1.1 200 OK"
INFO:httpx:HTTP Request: POST http://localhost:11434/api/embed "HTTP/1.1 200 OK"
INFO:httpx:HTTP Request: POST http://localhost:11434/api/embed "HTTP/1.1 200 OK"
INFO:httpx:HTTP Request: POST http://localhost:11434/api/embed "HTTP/1.1 200 OK"
INFO:httpx:HTTP Request: POST http://localhost:11434/api/embed "HTTP/1.1 200 OK"
INFO:httpx:HTTP Request: POST http://localhost:11434/api/embed "HTTP/1.1 200 OK"
INFO:httpx:HTTP Request: POST http://localhost:11434/api/embed "HTTP/1.1 200 OK"
INFO:httpx:HTTP Request: POST http://localhost:11434/api/embed "HTTP/1.1 200 OK"
INFO:httpx:HTTP Request: POST http://localhost:11434/api/embed "HTTP/1.1 200 OK"
INFO:httpx:HTTP Request: POST http://localhost:11434/api/embed "HTTP/1.1 200 OK"
INFO:httpx:HTTP Request: POST http://localhost:11434/api/embed "HTTP/1.1 200 OK"
INFO:httpx:HTTP Request: POST http://localhost:11434/api/embed "HTTP/1.1 200 OK"
INFO:httpx:HTTP Request: POST http://localhost:11434/api/embed "HTTP/1.1 200 OK"
INFO:httpx:HTTP Request: POST http://localhost:11434/api/embed "HTTP/1.1 200 OK"
INFO:httpx:HTTP Request: POST http://localhost:11434/api/embed "HTTP/1.1 200 OK"
INFO:httpx:HTTP Request: POST http://localhost:11434/api/embed "HTTP/1.1 200 OK"
INFO:httpx:HTTP Request: POST http://localhost:11434/api/embed "HTTP/1.1 200 OK"
INFO:httpx:HTTP Request: POST http://localhost:11434/api/embed "HTTP/1.1 200 OK"
INFO:httpx:HTTP Request: POST http://localhost:11434/api/embed "HTTP/1.1 200 OK"
INFO:httpx:HTTP Request: POST http://localhost:11434/api/embed "HTTP/1.1 200 OK"
INFO:httpx:HTTP Request: POST http://localhost:11434/api/embed "HTTP/1.1 200 OK"
INFO:httpx:HTTP Request: POST http://localhost:11434/api/embed "HTTP/1.1 200 OK"
INFO:httpx:HTTP Request: POST http://localhost:11434/api/embed "HTTP/1.1 200 OK"
INFO:httpx:HTTP Request: POST http://localhost:11434/api/embed "HTTP/1.1 200 OK"
INFO:httpx:HTTP Request: POST http://localhost:11434/api/embed "HTTP/1.1 200 OK"
INFO:httpx:HTTP Request: POST http://localhost:11434/api/embed "HTTP/1.1 200 OK"
INFO:app.indexing_pipeline:[index] Reindexed class a1482efb-4f1c-4d11-baf1-e4e61a894595 with 76 content chunk(s)
INFO:httpx:HTTP Request: POST http://localhost:11434/api/embed "HTTP/1.1 200 OK"
INFO:httpx:HTTP Request: POST http://localhost:11434/api/embed "HTTP/1.1 200 OK"
INFO:httpx:HTTP Request: POST http://localhost:11434/api/embed "HTTP/1.1 200 OK"
INFO:httpx:HTTP Request: POST http://localhost:11434/api/embed "HTTP/1.1 200 OK"
INFO:httpx:HTTP Request: POST http://localhost:11434/api/embed "HTTP/1.1 200 OK"
INFO:httpx:HTTP Request: POST http://localhost:11434/api/embed "HTTP/1.1 200 OK"
INFO:httpx:HTTP Request: POST http://localhost:11434/api/embed "HTTP/1.1 200 OK"
INFO:httpx:HTTP Request: POST http://localhost:11434/api/embed "HTTP/1.1 200 OK"
INFO:httpx:HTTP Request: POST http://localhost:11434/api/embed "HTTP/1.1 200 OK"
INFO:httpx:HTTP Request: POST http://localhost:11434/api/embed "HTTP/1.1 200 OK"
INFO:httpx:HTTP Request: POST http://localhost:11434/api/embed "HTTP/1.1 200 OK"
INFO:httpx:HTTP Request: POST http://localhost:11434/api/embed "HTTP/1.1 200 OK"
INFO:httpx:HTTP Request: POST http://localhost:11434/api/embed "HTTP/1.1 200 OK"
INFO:httpx:HTTP Request: POST http://localhost:11434/api/embed "HTTP/1.1 200 OK"
INFO:httpx:HTTP Request: POST http://localhost:11434/api/embed "HTTP/1.1 200 OK"
INFO:httpx:HTTP Request: POST http://localhost:11434/api/embed "HTTP/1.1 200 OK"
INFO:httpx:HTTP Request: POST http://localhost:11434/api/embed "HTTP/1.1 200 OK"
INFO:httpx:HTTP Request: POST http://localhost:11434/api/embed "HTTP/1.1 200 OK"
INFO:httpx:HTTP Request: POST http://localhost:11434/api/embed "HTTP/1.1 200 OK"
INFO:httpx:HTTP Request: POST http://localhost:11434/api/embed "HTTP/1.1 200 OK"
INFO:httpx:HTTP Request: POST http://localhost:11434/api/embed "HTTP/1.1 200 OK"
INFO:httpx:HTTP Request: POST http://localhost:11434/api/embed "HTTP/1.1 200 OK"
INFO:httpx:HTTP Request: POST http://localhost:11434/api/embed "HTTP/1.1 200 OK"
INFO:httpx:HTTP Request: POST http://localhost:11434/api/embed "HTTP/1.1 200 OK"
INFO:httpx:HTTP Request: POST http://localhost:11434/api/embed "HTTP/1.1 200 OK"
INFO:httpx:HTTP Request: POST http://localhost:11434/api/embed "HTTP/1.1 200 OK"
INFO:httpx:HTTP Request: POST http://localhost:11434/api/embed "HTTP/1.1 200 OK"
INFO:httpx:HTTP Request: POST http://localhost:11434/api/embed "HTTP/1.1 200 OK"
INFO:httpx:HTTP Request: POST http://localhost:11434/api/embed "HTTP/1.1 200 OK"
INFO:httpx:HTTP Request: POST http://localhost:11434/api/embed "HTTP/1.1 200 OK"
INFO:httpx:HTTP Request: POST http://localhost:11434/api/embed "HTTP/1.1 200 OK"
INFO:httpx:HTTP Request: POST http://localhost:11434/api/embed "HTTP/1.1 200 OK"
INFO:httpx:HTTP Request: POST http://localhost:11434/api/embed "HTTP/1.1 200 OK"
INFO:httpx:HTTP Request: POST http://localhost:11434/api/embed "HTTP/1.1 200 OK"
INFO:httpx:HTTP Request: POST http://localhost:11434/api/embed "HTTP/1.1 200 OK"
INFO:httpx:HTTP Request: POST http://localhost:11434/api/embed "HTTP/1.1 200 OK"
INFO:httpx:HTTP Request: POST http://localhost:11434/api/embed "HTTP/1.1 200 OK"
INFO:httpx:HTTP Request: POST http://localhost:11434/api/embed "HTTP/1.1 200 OK"
INFO:httpx:HTTP Request: POST http://localhost:11434/api/embed "HTTP/1.1 200 OK"
INFO:httpx:HTTP Request: POST http://localhost:11434/api/embed "HTTP/1.1 200 OK"
INFO:httpx:HTTP Request: POST http://localhost:11434/api/embed "HTTP/1.1 200 OK"
INFO:httpx:HTTP Request: POST http://localhost:11434/api/embed "HTTP/1.1 200 OK"
INFO:httpx:HTTP Request: POST http://localhost:11434/api/embed "HTTP/1.1 200 OK"
INFO:httpx:HTTP Request: POST http://localhost:11434/api/embed "HTTP/1.1 200 OK"
INFO:httpx:HTTP Request: POST http://localhost:11434/api/embed "HTTP/1.1 200 OK"
INFO:httpx:HTTP Request: POST http://localhost:11434/api/embed "HTTP/1.1 200 OK"
INFO:httpx:HTTP Request: POST http://localhost:11434/api/embed "HTTP/1.1 200 OK"
INFO:httpx:HTTP Request: POST http://localhost:11434/api/embed "HTTP/1.1 200 OK"
INFO:httpx:HTTP Request: POST http://localhost:11434/api/embed "HTTP/1.1 200 OK"
INFO:httpx:HTTP Request: POST http://localhost:11434/api/embed "HTTP/1.1 200 OK"
INFO:httpx:HTTP Request: POST http://localhost:11434/api/embed "HTTP/1.1 200 OK"
INFO:httpx:HTTP Request: POST http://localhost:11434/api/embed "HTTP/1.1 200 OK"
INFO:httpx:HTTP Request: POST http://localhost:11434/api/embed "HTTP/1.1 200 OK"
INFO:httpx:HTTP Request: POST http://localhost:11434/api/embed "HTTP/1.1 200 OK"
INFO:httpx:HTTP Request: POST http://localhost:11434/api/embed "HTTP/1.1 200 OK"
INFO:httpx:HTTP Request: POST http://localhost:11434/api/embed "HTTP/1.1 200 OK"
INFO:httpx:HTTP Request: POST http://localhost:11434/api/embed "HTTP/1.1 200 OK"
INFO:httpx:HTTP Request: POST http://localhost:11434/api/embed "HTTP/1.1 200 OK"
INFO:httpx:HTTP Request: POST http://localhost:11434/api/embed "HTTP/1.1 200 OK"
INFO:httpx:HTTP Request: POST http://localhost:11434/api/embed "HTTP/1.1 200 OK"
INFO:httpx:HTTP Request: POST http://localhost:11434/api/embed "HTTP/1.1 200 OK"
INFO:httpx:HTTP Request: POST http://localhost:11434/api/embed "HTTP/1.1 200 OK"
INFO:httpx:HTTP Request: POST http://localhost:11434/api/embed "HTTP/1.1 200 OK"
INFO:httpx:HTTP Request: POST http://localhost:11434/api/embed "HTTP/1.1 200 OK"
INFO:httpx:HTTP Request: POST http://localhost:11434/api/embed "HTTP/1.1 200 OK"
INFO:httpx:HTTP Request: POST http://localhost:11434/api/embed "HTTP/1.1 200 OK"
INFO:httpx:HTTP Request: POST http://localhost:11434/api/embed "HTTP/1.1 200 OK"
INFO:httpx:HTTP Request: POST http://localhost:11434/api/embed "HTTP/1.1 200 OK"
INFO:httpx:HTTP Request: POST http://localhost:11434/api/embed "HTTP/1.1 200 OK"
INFO:httpx:HTTP Request: POST http://localhost:11434/api/embed "HTTP/1.1 200 OK"
INFO:httpx:HTTP Request: POST http://localhost:11434/api/embed "HTTP/1.1 200 OK"
INFO:httpx:HTTP Request: POST http://localhost:11434/api/embed "HTTP/1.1 200 OK"
INFO:httpx:HTTP Request: POST http://localhost:11434/api/embed "HTTP/1.1 200 OK"
INFO:httpx:HTTP Request: POST http://localhost:11434/api/embed "HTTP/1.1 200 OK"
INFO:httpx:HTTP Request: POST http://localhost:11434/api/embed "HTTP/1.1 200 OK"
INFO:httpx:HTTP Request: POST http://localhost:11434/api/embed "HTTP/1.1 200 OK"
INFO:app.indexing_pipeline:[index] Reindexed class a1482efb-4f1c-4d11-baf1-e4e61a894595 with 76 content chunk(s)
INFO:httpx:HTTP Request: POST http://localhost:11434/api/embed "HTTP/1.1 200 OK"
INFO:httpx:HTTP Request: POST http://localhost:11434/api/embed "HTTP/1.1 200 OK"
INFO:httpx:HTTP Request: POST http://localhost:11434/api/embed "HTTP/1.1 200 OK"
INFO:httpx:HTTP Request: POST http://localhost:11434/api/embed "HTTP/1.1 200 OK"
INFO:httpx:HTTP Request: POST http://localhost:11434/api/embed "HTTP/1.1 200 OK"
INFO:httpx:HTTP Request: POST http://localhost:11434/api/embed "HTTP/1.1 200 OK"
INFO:httpx:HTTP Request: POST http://localhost:11434/api/embed "HTTP/1.1 200 OK"
INFO:httpx:HTTP Request: POST http://localhost:11434/api/embed "HTTP/1.1 200 OK"
INFO:httpx:HTTP Request: POST http://localhost:11434/api/embed "HTTP/1.1 200 OK"
INFO:httpx:HTTP Request: POST http://localhost:11434/api/embed "HTTP/1.1 200 OK"
INFO:httpx:HTTP Request: POST http://localhost:11434/api/embed "HTTP/1.1 200 OK"
INFO:httpx:HTTP Request: POST http://localhost:11434/api/embed "HTTP/1.1 200 OK"
INFO:httpx:HTTP Request: POST http://localhost:11434/api/embed "HTTP/1.1 200 OK"
INFO:httpx:HTTP Request: POST http://localhost:11434/api/embed "HTTP/1.1 200 OK"
INFO:httpx:HTTP Request: POST http://localhost:11434/api/embed "HTTP/1.1 200 OK"
INFO:httpx:HTTP Request: POST http://localhost:11434/api/embed "HTTP/1.1 200 OK"
INFO:httpx:HTTP Request: POST http://localhost:11434/api/embed "HTTP/1.1 200 OK"
INFO:httpx:HTTP Request: POST http://localhost:11434/api/embed "HTTP/1.1 200 OK"
INFO:httpx:HTTP Request: POST http://localhost:11434/api/embed "HTTP/1.1 200 OK"
INFO:httpx:HTTP Request: POST http://localhost:11434/api/embed "HTTP/1.1 200 OK"
INFO:httpx:HTTP Request: POST http://localhost:11434/api/embed "HTTP/1.1 200 OK"
INFO:httpx:HTTP Request: POST http://localhost:11434/api/embed "HTTP/1.1 200 OK"
INFO:httpx:HTTP Request: POST http://localhost:11434/api/embed "HTTP/1.1 200 OK"
INFO:httpx:HTTP Request: POST http://localhost:11434/api/embed "HTTP/1.1 200 OK"
INFO:httpx:HTTP Request: POST http://localhost:11434/api/embed "HTTP/1.1 200 OK"
INFO:httpx:HTTP Request: POST http://localhost:11434/api/embed "HTTP/1.1 200 OK"
INFO:httpx:HTTP Request: POST http://localhost:11434/api/embed "HTTP/1.1 200 OK"
INFO:httpx:HTTP Request: POST http://localhost:11434/api/embed "HTTP/1.1 200 OK"
INFO:httpx:HTTP Request: POST http://localhost:11434/api/embed "HTTP/1.1 200 OK"
INFO:httpx:HTTP Request: POST http://localhost:11434/api/embed "HTTP/1.1 200 OK"
INFO:httpx:HTTP Request: POST http://localhost:11434/api/embed "HTTP/1.1 200 OK"
INFO:httpx:HTTP Request: POST http://localhost:11434/api/embed "HTTP/1.1 200 OK"
INFO:httpx:HTTP Request: POST http://localhost:11434/api/embed "HTTP/1.1 200 OK"
INFO:httpx:HTTP Request: POST http://localhost:11434/api/embed "HTTP/1.1 200 OK"
INFO:httpx:HTTP Request: POST http://localhost:11434/api/embed "HTTP/1.1 200 OK"
INFO:httpx:HTTP Request: POST http://localhost:11434/api/embed "HTTP/1.1 200 OK"
INFO:httpx:HTTP Request: POST http://localhost:11434/api/embed "HTTP/1.1 200 OK"
INFO:httpx:HTTP Request: POST http://localhost:11434/api/embed "HTTP/1.1 200 OK"
INFO:httpx:HTTP Request: POST http://localhost:11434/api/embed "HTTP/1.1 200 OK"
INFO:httpx:HTTP Request: POST http://localhost:11434/api/embed "HTTP/1.1 200 OK"
INFO:httpx:HTTP Request: POST http://localhost:11434/api/embed "HTTP/1.1 200 OK"
INFO:httpx:HTTP Request: POST http://localhost:11434/api/embed "HTTP/1.1 200 OK"
INFO:httpx:HTTP Request: POST http://localhost:11434/api/embed "HTTP/1.1 200 OK"
INFO:httpx:HTTP Request: POST http://localhost:11434/api/embed "HTTP/1.1 200 OK"
INFO:httpx:HTTP Request: POST http://localhost:11434/api/embed "HTTP/1.1 200 OK"
INFO:httpx:HTTP Request: POST http://localhost:11434/api/embed "HTTP/1.1 200 OK"
INFO:httpx:HTTP Request: POST http://localhost:11434/api/embed "HTTP/1.1 200 OK"
INFO:httpx:HTTP Request: POST http://localhost:11434/api/embed "HTTP/1.1 200 OK"
INFO:httpx:HTTP Request: POST http://localhost:11434/api/embed "HTTP/1.1 200 OK"
INFO:httpx:HTTP Request: POST http://localhost:11434/api/embed "HTTP/1.1 200 OK"
INFO:httpx:HTTP Request: POST http://localhost:11434/api/embed "HTTP/1.1 200 OK"
INFO:httpx:HTTP Request: POST http://localhost:11434/api/embed "HTTP/1.1 200 OK"
INFO:httpx:HTTP Request: POST http://localhost:11434/api/embed "HTTP/1.1 200 OK"
INFO:httpx:HTTP Request: POST http://localhost:11434/api/embed "HTTP/1.1 200 OK"
INFO:httpx:HTTP Request: POST http://localhost:11434/api/embed "HTTP/1.1 200 OK"
INFO:httpx:HTTP Request: POST http://localhost:11434/api/embed "HTTP/1.1 200 OK"
INFO:httpx:HTTP Request: POST http://localhost:11434/api/embed "HTTP/1.1 200 OK"
INFO:httpx:HTTP Request: POST http://localhost:11434/api/embed "HTTP/1.1 200 OK"
INFO:httpx:HTTP Request: POST http://localhost:11434/api/embed "HTTP/1.1 200 OK"
INFO:httpx:HTTP Request: POST http://localhost:11434/api/embed "HTTP/1.1 200 OK"
INFO:httpx:HTTP Request: POST http://localhost:11434/api/embed "HTTP/1.1 200 OK"
INFO:httpx:HTTP Request: POST http://localhost:11434/api/embed "HTTP/1.1 200 OK"
INFO:httpx:HTTP Request: POST http://localhost:11434/api/embed "HTTP/1.1 200 OK"
INFO:httpx:HTTP Request: POST http://localhost:11434/api/embed "HTTP/1.1 200 OK"
INFO:httpx:HTTP Request: POST http://localhost:11434/api/embed "HTTP/1.1 200 OK"
INFO:httpx:HTTP Request: POST http://localhost:11434/api/embed "HTTP/1.1 200 OK"
INFO:httpx:HTTP Request: POST http://localhost:11434/api/embed "HTTP/1.1 200 OK"
INFO:httpx:HTTP Request: POST http://localhost:11434/api/embed "HTTP/1.1 200 OK"
INFO:httpx:HTTP Request: POST http://localhost:11434/api/embed "HTTP/1.1 200 OK"
INFO:httpx:HTTP Request: POST http://localhost:11434/api/embed "HTTP/1.1 200 OK"
INFO:httpx:HTTP Request: POST http://localhost:11434/api/embed "HTTP/1.1 200 OK"
INFO:httpx:HTTP Request: POST http://localhost:11434/api/embed "HTTP/1.1 200 OK"
INFO:httpx:HTTP Request: POST http://localhost:11434/api/embed "HTTP/1.1 200 OK"
INFO:httpx:HTTP Request: POST http://localhost:11434/api/embed "HTTP/1.1 200 OK"
INFO:httpx:HTTP Request: POST http://localhost:11434/api/embed "HTTP/1.1 200 OK"
INFO:httpx:HTTP Request: POST http://localhost:11434/api/embed "HTTP/1.1 200 OK"
INFO:app.indexing_pipeline:[index] Reindexed class a1482efb-4f1c-4d11-baf1-e4e61a894595 with 76 content chunk(s)
INFO:httpx:HTTP Request: POST http://localhost:11434/api/embed "HTTP/1.1 200 OK"
INFO:httpx:HTTP Request: POST http://localhost:11434/api/embed "HTTP/1.1 200 OK"
INFO:httpx:HTTP Request: POST http://localhost:11434/api/embed "HTTP/1.1 200 OK"
INFO:httpx:HTTP Request: POST http://localhost:11434/api/embed "HTTP/1.1 200 OK"
INFO:httpx:HTTP Request: POST http://localhost:11434/api/embed "HTTP/1.1 200 OK"
INFO:httpx:HTTP Request: POST http://localhost:11434/api/embed "HTTP/1.1 200 OK"
INFO:httpx:HTTP Request: POST http://localhost:11434/api/embed "HTTP/1.1 200 OK"
INFO:httpx:HTTP Request: POST http://localhost:11434/api/embed "HTTP/1.1 200 OK"
INFO:httpx:HTTP Request: POST http://localhost:11434/api/embed "HTTP/1.1 200 OK"
INFO:httpx:HTTP Request: POST http://localhost:11434/api/embed "HTTP/1.1 200 OK"
INFO:httpx:HTTP Request: POST http://localhost:11434/api/embed "HTTP/1.1 200 OK"
INFO:httpx:HTTP Request: POST http://localhost:11434/api/embed "HTTP/1.1 200 OK"
INFO:httpx:HTTP Request: POST http://localhost:11434/api/embed "HTTP/1.1 200 OK"
INFO:httpx:HTTP Request: POST http://localhost:11434/api/embed "HTTP/1.1 200 OK"
INFO:httpx:HTTP Request: POST http://localhost:11434/api/embed "HTTP/1.1 200 OK"
INFO:httpx:HTTP Request: POST http://localhost:11434/api/embed "HTTP/1.1 200 OK"
INFO:httpx:HTTP Request: POST http://localhost:11434/api/embed "HTTP/1.1 200 OK"
INFO:httpx:HTTP Request: POST http://localhost:11434/api/embed "HTTP/1.1 200 OK"
INFO:httpx:HTTP Request: POST http://localhost:11434/api/embed "HTTP/1.1 200 OK"
INFO:httpx:HTTP Request: POST http://localhost:11434/api/embed "HTTP/1.1 200 OK"
INFO:httpx:HTTP Request: POST http://localhost:11434/api/embed "HTTP/1.1 200 OK"
INFO:httpx:HTTP Request: POST http://localhost:11434/api/embed "HTTP/1.1 200 OK"
INFO:httpx:HTTP Request: POST http://localhost:11434/api/embed "HTTP/1.1 200 OK"
INFO:httpx:HTTP Request: POST http://localhost:11434/api/embed "HTTP/1.1 200 OK"
INFO:httpx:HTTP Request: POST http://localhost:11434/api/embed "HTTP/1.1 200 OK"
INFO:httpx:HTTP Request: POST http://localhost:11434/api/embed "HTTP/1.1 200 OK"
INFO:httpx:HTTP Request: POST http://localhost:11434/api/embed "HTTP/1.1 200 OK"
INFO:httpx:HTTP Request: POST http://localhost:11434/api/embed "HTTP/1.1 200 OK"
INFO:httpx:HTTP Request: POST http://localhost:11434/api/embed "HTTP/1.1 200 OK"
INFO:httpx:HTTP Request: POST http://localhost:11434/api/embed "HTTP/1.1 200 OK"
INFO:httpx:HTTP Request: POST http://localhost:11434/api/embed "HTTP/1.1 200 OK"
INFO:httpx:HTTP Request: POST http://localhost:11434/api/embed "HTTP/1.1 200 OK"
INFO:httpx:HTTP Request: POST http://localhost:11434/api/embed "HTTP/1.1 200 OK"
INFO:httpx:HTTP Request: POST http://localhost:11434/api/embed "HTTP/1.1 200 OK"
INFO:httpx:HTTP Request: POST http://localhost:11434/api/embed "HTTP/1.1 200 OK"
INFO:httpx:HTTP Request: POST http://localhost:11434/api/embed "HTTP/1.1 200 OK"
INFO:httpx:HTTP Request: POST http://localhost:11434/api/embed "HTTP/1.1 200 OK"
INFO:httpx:HTTP Request: POST http://localhost:11434/api/embed "HTTP/1.1 200 OK"
INFO:httpx:HTTP Request: POST http://localhost:11434/api/embed "HTTP/1.1 200 OK"
INFO:httpx:HTTP Request: POST http://localhost:11434/api/embed "HTTP/1.1 200 OK"
INFO:httpx:HTTP Request: POST http://localhost:11434/api/embed "HTTP/1.1 200 OK"
INFO:httpx:HTTP Request: POST http://localhost:11434/api/embed "HTTP/1.1 200 OK"
INFO:httpx:HTTP Request: POST http://localhost:11434/api/embed "HTTP/1.1 200 OK"
INFO:httpx:HTTP Request: POST http://localhost:11434/api/embed "HTTP/1.1 200 OK"
INFO:httpx:HTTP Request: POST http://localhost:11434/api/embed "HTTP/1.1 200 OK"
INFO:httpx:HTTP Request: POST http://localhost:11434/api/embed "HTTP/1.1 200 OK"
INFO:httpx:HTTP Request: POST http://localhost:11434/api/embed "HTTP/1.1 200 OK"
INFO:httpx:HTTP Request: POST http://localhost:11434/api/embed "HTTP/1.1 200 OK"
INFO:httpx:HTTP Request: POST http://localhost:11434/api/embed "HTTP/1.1 200 OK"
INFO:httpx:HTTP Request: POST http://localhost:11434/api/embed "HTTP/1.1 200 OK"
INFO:httpx:HTTP Request: POST http://localhost:11434/api/embed "HTTP/1.1 200 OK"
INFO:httpx:HTTP Request: POST http://localhost:11434/api/embed "HTTP/1.1 200 OK"
INFO:httpx:HTTP Request: POST http://localhost:11434/api/embed "HTTP/1.1 200 OK"
INFO:httpx:HTTP Request: POST http://localhost:11434/api/embed "HTTP/1.1 200 OK"
INFO:httpx:HTTP Request: POST http://localhost:11434/api/embed "HTTP/1.1 200 OK"
INFO:httpx:HTTP Request: POST http://localhost:11434/api/embed "HTTP/1.1 200 OK"
INFO:httpx:HTTP Request: POST http://localhost:11434/api/embed "HTTP/1.1 200 OK"
INFO:httpx:HTTP Request: POST http://localhost:11434/api/embed "HTTP/1.1 200 OK"
INFO:httpx:HTTP Request: POST http://localhost:11434/api/embed "HTTP/1.1 200 OK"
INFO:httpx:HTTP Request: POST http://localhost:11434/api/embed "HTTP/1.1 200 OK"
INFO:httpx:HTTP Request: POST http://localhost:11434/api/embed "HTTP/1.1 200 OK"
INFO:httpx:HTTP Request: POST http://localhost:11434/api/embed "HTTP/1.1 200 OK"
INFO:httpx:HTTP Request: POST http://localhost:11434/api/embed "HTTP/1.1 200 OK"
INFO:httpx:HTTP Request: POST http://localhost:11434/api/embed "HTTP/1.1 200 OK"
INFO:httpx:HTTP Request: POST http://localhost:11434/api/embed "HTTP/1.1 200 OK"
INFO:httpx:HTTP Request: POST http://localhost:11434/api/embed "HTTP/1.1 200 OK"
INFO:httpx:HTTP Request: POST http://localhost:11434/api/embed "HTTP/1.1 200 OK"
INFO:httpx:HTTP Request: POST http://localhost:11434/api/embed "HTTP/1.1 200 OK"
INFO:httpx:HTTP Request: POST http://localhost:11434/api/embed "HTTP/1.1 200 OK"
INFO:httpx:HTTP Request: POST http://localhost:11434/api/embed "HTTP/1.1 200 OK"
INFO:httpx:HTTP Request: POST http://localhost:11434/api/embed "HTTP/1.1 200 OK"
INFO:httpx:HTTP Request: POST http://localhost:11434/api/embed "HTTP/1.1 200 OK"
INFO:httpx:HTTP Request: POST http://localhost:11434/api/embed "HTTP/1.1 200 OK"
INFO:httpx:HTTP Request: POST http://localhost:11434/api/embed "HTTP/1.1 200 OK"
INFO:httpx:HTTP Request: POST http://localhost:11434/api/embed "HTTP/1.1 200 OK"
INFO:httpx:HTTP Request: POST http://localhost:11434/api/embed "HTTP/1.1 200 OK"
INFO:app.indexing_pipeline:[index] Reindexed class a1482efb-4f1c-4d11-baf1-e4e61a894595 with 76 content chunk(s)
INFO:httpx:HTTP Request: POST http://localhost:11434/api/embed "HTTP/1.1 200 OK"
INFO:httpx:HTTP Request: POST http://localhost:11434/api/embed "HTTP/1.1 200 OK"
INFO:httpx:HTTP Request: POST http://localhost:11434/api/generate "HTTP/1.1 200 OK"
WARNING:app.quiz_generation_service:[quiz-blueprint] Parse failure for class a1482efb-4f1c-4d11-baf1-e4e61a894595 at stage quiz_blueprint_initial: Model output did not contain a JSON object | raw='{\n "title": "Mathematics Quiz: Understanding Integers",\n "description": "A quiz to test understanding of integer operations including addition, subtraction, multiplication, and division.",\n "conceptCoverage": [\n "Understanding absolute value as a measure of distance",\n "Performing arithmetic operations on integers (addition, subtraction, multiplication, and division)",\n "Representing integers on a number line"\n ],\n "questionBlueprints": [\n {\n "intent": "Test understanding of integer addition...'
INFO:httpx:HTTP Request: POST http://localhost:11434/api/generate "HTTP/1.1 200 OK"
INFO:httpx:HTTP Request: POST http://localhost:11434/api/generate "HTTP/1.1 200 OK"
INFO:httpx:HTTP Request: POST http://localhost:11434/api/embed "HTTP/1.1 200 OK"
INFO:httpx:HTTP Request: POST http://localhost:11434/api/embed "HTTP/1.1 200 OK"
INFO:httpx:HTTP Request: POST http://localhost:11434/api/embed "HTTP/1.1 200 OK"
INFO:httpx:HTTP Request: POST http://localhost:11434/api/embed "HTTP/1.1 200 OK"
INFO:httpx:HTTP Request: POST http://localhost:11434/api/embed "HTTP/1.1 200 OK"
INFO:httpx:HTTP Request: POST http://localhost:11434/api/embed "HTTP/1.1 200 OK"
INFO:httpx:HTTP Request: POST http://localhost:11434/api/embed "HTTP/1.1 200 OK"
INFO:httpx:HTTP Request: POST http://localhost:11434/api/embed "HTTP/1.1 200 OK"
INFO:httpx:HTTP Request: POST http://localhost:11434/api/embed "HTTP/1.1 200 OK"
INFO:httpx:HTTP Request: POST http://localhost:11434/api/embed "HTTP/1.1 200 OK"
INFO:httpx:HTTP Request: POST http://localhost:11434/api/embed "HTTP/1.1 200 OK"
INFO:httpx:HTTP Request: POST http://localhost:11434/api/embed "HTTP/1.1 200 OK"
INFO:httpx:HTTP Request: POST http://localhost:11434/api/embed "HTTP/1.1 200 OK"
INFO:httpx:HTTP Request: POST http://localhost:11434/api/embed "HTTP/1.1 200 OK"
INFO:httpx:HTTP Request: POST http://localhost:11434/api/embed "HTTP/1.1 200 OK"
INFO:httpx:HTTP Request: POST http://localhost:11434/api/embed "HTTP/1.1 200 OK"
INFO:httpx:HTTP Request: POST http://localhost:11434/api/embed "HTTP/1.1 200 OK"
INFO:httpx:HTTP Request: POST http://localhost:11434/api/embed "HTTP/1.1 200 OK"
INFO:httpx:HTTP Request: POST http://localhost:11434/api/embed "HTTP/1.1 200 OK"
INFO:httpx:HTTP Request: POST http://localhost:11434/api/embed "HTTP/1.1 200 OK"
INFO:httpx:HTTP Request: POST http://localhost:11434/api/embed "HTTP/1.1 200 OK"
INFO:httpx:HTTP Request: POST http://localhost:11434/api/embed "HTTP/1.1 200 OK"
INFO:httpx:HTTP Request: POST http://localhost:11434/api/embed "HTTP/1.1 200 OK"
INFO:httpx:HTTP Request: POST http://localhost:11434/api/embed "HTTP/1.1 200 OK"
INFO:httpx:HTTP Request: POST http://localhost:11434/api/embed "HTTP/1.1 200 OK"
INFO:httpx:HTTP Request: POST http://localhost:11434/api/embed "HTTP/1.1 200 OK"
INFO:httpx:HTTP Request: POST http://localhost:11434/api/embed "HTTP/1.1 200 OK"
INFO:httpx:HTTP Request: POST http://localhost:11434/api/embed "HTTP/1.1 200 OK"
INFO:httpx:HTTP Request: POST http://localhost:11434/api/embed "HTTP/1.1 200 OK"
INFO:httpx:HTTP Request: POST http://localhost:11434/api/embed "HTTP/1.1 200 OK"
INFO:httpx:HTTP Request: POST http://localhost:11434/api/embed "HTTP/1.1 200 OK"
INFO:httpx:HTTP Request: POST http://localhost:11434/api/embed "HTTP/1.1 200 OK"
INFO:httpx:HTTP Request: POST http://localhost:11434/api/embed "HTTP/1.1 200 OK"
INFO:httpx:HTTP Request: POST http://localhost:11434/api/embed "HTTP/1.1 200 OK"
INFO:httpx:HTTP Request: POST http://localhost:11434/api/embed "HTTP/1.1 200 OK"
INFO:httpx:HTTP Request: POST http://localhost:11434/api/embed "HTTP/1.1 200 OK"
INFO:httpx:HTTP Request: POST http://localhost:11434/api/embed "HTTP/1.1 200 OK"
INFO:httpx:HTTP Request: POST http://localhost:11434/api/embed "HTTP/1.1 200 OK"
INFO:httpx:HTTP Request: POST http://localhost:11434/api/embed "HTTP/1.1 200 OK"
INFO:httpx:HTTP Request: POST http://localhost:11434/api/embed "HTTP/1.1 200 OK"
INFO:httpx:HTTP Request: POST http://localhost:11434/api/embed "HTTP/1.1 200 OK"
INFO:httpx:HTTP Request: POST http://localhost:11434/api/embed "HTTP/1.1 200 OK"
INFO:httpx:HTTP Request: POST http://localhost:11434/api/embed "HTTP/1.1 200 OK"
INFO:httpx:HTTP Request: POST http://localhost:11434/api/embed "HTTP/1.1 200 OK"
INFO:httpx:HTTP Request: POST http://localhost:11434/api/embed "HTTP/1.1 200 OK"
INFO:httpx:HTTP Request: POST http://localhost:11434/api/embed "HTTP/1.1 200 OK"
INFO:httpx:HTTP Request: POST http://localhost:11434/api/embed "HTTP/1.1 200 OK"
INFO:httpx:HTTP Request: POST http://localhost:11434/api/embed "HTTP/1.1 200 OK"
INFO:httpx:HTTP Request: POST http://localhost:11434/api/embed "HTTP/1.1 200 OK"
INFO:httpx:HTTP Request: POST http://localhost:11434/api/embed "HTTP/1.1 200 OK"
INFO:httpx:HTTP Request: POST http://localhost:11434/api/embed "HTTP/1.1 200 OK"
INFO:httpx:HTTP Request: POST http://localhost:11434/api/embed "HTTP/1.1 200 OK"
INFO:httpx:HTTP Request: POST http://localhost:11434/api/embed "HTTP/1.1 200 OK"
INFO:httpx:HTTP Request: POST http://localhost:11434/api/embed "HTTP/1.1 200 OK"
INFO:httpx:HTTP Request: POST http://localhost:11434/api/embed "HTTP/1.1 200 OK"
INFO:httpx:HTTP Request: POST http://localhost:11434/api/embed "HTTP/1.1 200 OK"
INFO:httpx:HTTP Request: POST http://localhost:11434/api/embed "HTTP/1.1 200 OK"
INFO:httpx:HTTP Request: POST http://localhost:11434/api/embed "HTTP/1.1 200 OK"
INFO:httpx:HTTP Request: POST http://localhost:11434/api/embed "HTTP/1.1 200 OK"
INFO:httpx:HTTP Request: POST http://localhost:11434/api/embed "HTTP/1.1 200 OK"
INFO:httpx:HTTP Request: POST http://localhost:11434/api/embed "HTTP/1.1 200 OK"
INFO:httpx:HTTP Request: POST http://localhost:11434/api/embed "HTTP/1.1 200 OK"
INFO:httpx:HTTP Request: POST http://localhost:11434/api/embed "HTTP/1.1 200 OK"
INFO:httpx:HTTP Request: POST http://localhost:11434/api/embed "HTTP/1.1 200 OK"
INFO:httpx:HTTP Request: POST http://localhost:11434/api/embed "HTTP/1.1 200 OK"
INFO:httpx:HTTP Request: POST http://localhost:11434/api/embed "HTTP/1.1 200 OK"
INFO:httpx:HTTP Request: POST http://localhost:11434/api/embed "HTTP/1.1 200 OK"
INFO:httpx:HTTP Request: POST http://localhost:11434/api/embed "HTTP/1.1 200 OK"
INFO:httpx:HTTP Request: POST http://localhost:11434/api/embed "HTTP/1.1 200 OK"
INFO:httpx:HTTP Request: POST http://localhost:11434/api/embed "HTTP/1.1 200 OK"
INFO:httpx:HTTP Request: POST http://localhost:11434/api/embed "HTTP/1.1 200 OK"
INFO:httpx:HTTP Request: POST http://localhost:11434/api/embed "HTTP/1.1 200 OK"
INFO:httpx:HTTP Request: POST http://localhost:11434/api/embed "HTTP/1.1 200 OK"
INFO:httpx:HTTP Request: POST http://localhost:11434/api/embed "HTTP/1.1 200 OK"
INFO:httpx:HTTP Request: POST http://localhost:11434/api/embed "HTTP/1.1 200 OK"
INFO:httpx:HTTP Request: POST http://localhost:11434/api/embed "HTTP/1.1 200 OK"
INFO:httpx:HTTP Request: POST http://localhost:11434/api/embed "HTTP/1.1 200 OK"
INFO:httpx:HTTP Request: POST http://localhost:11434/api/embed "HTTP/1.1 200 OK"
INFO:httpx:HTTP Request: POST http://localhost:11434/api/embed "HTTP/1.1 200 OK"
INFO:httpx:HTTP Request: POST http://localhost:11434/api/embed "HTTP/1.1 200 OK"
INFO:httpx:HTTP Request: POST http://localhost:11434/api/embed "HTTP/1.1 200 OK"
INFO:app.indexing_pipeline:[index] Reindexed class a1482efb-4f1c-4d11-baf1-e4e61a894595 with 81 content chunk(s)
